Component: ARM Compiler 5.06 update 3 (build 300) Tool: armlink [4d35c9]

==============================================================================

Section Cross References

    startup_stm32f103xe.o(RESET) refers to startup_stm32f103xe.o(STACK) for __initial_sp
    startup_stm32f103xe.o(RESET) refers to startup_stm32f103xe.o(.text) for Reset_Handler
    startup_stm32f103xe.o(RESET) refers to stm32f1xx_it.o(i.NMI_Handler) for NMI_Handler
    startup_stm32f103xe.o(RESET) refers to stm32f1xx_it.o(i.HardFault_Handler) for HardFault_Handler
    startup_stm32f103xe.o(RESET) refers to stm32f1xx_it.o(i.MemManage_Handler) for MemManage_Handler
    startup_stm32f103xe.o(RESET) refers to stm32f1xx_it.o(i.BusFault_Handler) for BusFault_Handler
    startup_stm32f103xe.o(RESET) refers to stm32f1xx_it.o(i.UsageFault_Handler) for UsageFault_Handler
    startup_stm32f103xe.o(RESET) refers to stm32f1xx_it.o(i.SVC_Handler) for SVC_Handler
    startup_stm32f103xe.o(RESET) refers to stm32f1xx_it.o(i.DebugMon_Handler) for DebugMon_Handler
    startup_stm32f103xe.o(RESET) refers to stm32f1xx_it.o(i.PendSV_Handler) for PendSV_Handler
    startup_stm32f103xe.o(RESET) refers to stm32f1xx_it.o(i.SysTick_Handler) for SysTick_Handler
    startup_stm32f103xe.o(RESET) refers to stm32f1xx_it.o(i.EXTI4_IRQHandler) for EXTI4_IRQHandler
    startup_stm32f103xe.o(RESET) refers to stm32f1xx_it.o(i.DMA1_Channel6_IRQHandler) for DMA1_Channel6_IRQHandler
    startup_stm32f103xe.o(RESET) refers to stm32f1xx_it.o(i.USB_HP_CAN1_TX_IRQHandler) for USB_HP_CAN1_TX_IRQHandler
    startup_stm32f103xe.o(RESET) refers to stm32f1xx_it.o(i.USB_LP_CAN1_RX0_IRQHandler) for USB_LP_CAN1_RX0_IRQHandler
    startup_stm32f103xe.o(RESET) refers to stm32f1xx_it.o(i.USART2_IRQHandler) for USART2_IRQHandler
    startup_stm32f103xe.o(RESET) refers to stm32f1xx_it.o(i.UART4_IRQHandler) for UART4_IRQHandler
    startup_stm32f103xe.o(RESET) refers to stm32f1xx_it.o(i.TIM6_IRQHandler) for TIM6_IRQHandler
    startup_stm32f103xe.o(RESET) refers to stm32f1xx_it.o(i.TIM7_IRQHandler) for TIM7_IRQHandler
    startup_stm32f103xe.o(RESET) refers to stm32f1xx_it.o(i.DMA2_Channel3_IRQHandler) for DMA2_Channel3_IRQHandler
    startup_stm32f103xe.o(.text) refers to system_stm32f1xx.o(i.SystemInit) for SystemInit
    startup_stm32f103xe.o(.text) refers to entry.o(.ARM.Collect$$$$00000000) for __main
    balance_car.o(i.Complementary_Filter) refers to f2d.o(.text) for __aeabi_f2d
    balance_car.o(i.Complementary_Filter) refers to fadd.o(.text) for __aeabi_fsub
    balance_car.o(i.Complementary_Filter) refers to dmul.o(.text) for __aeabi_dmul
    balance_car.o(i.Complementary_Filter) refers to dadd.o(.text) for __aeabi_dadd
    balance_car.o(i.Complementary_Filter) refers to d2f.o(.text) for __aeabi_d2f
    balance_car.o(i.Complementary_Filter) refers to mpu9250.o(.bss) for g_mpu9250
    balance_car.o(i.Complementary_Filter_1st_Order) refers to f2d.o(.text) for __aeabi_f2d
    balance_car.o(i.Complementary_Filter_1st_Order) refers to dmul.o(.text) for __aeabi_dmul
    balance_car.o(i.Complementary_Filter_1st_Order) refers to dadd.o(.text) for __aeabi_dadd
    balance_car.o(i.Complementary_Filter_1st_Order) refers to fmul.o(.text) for __aeabi_fmul
    balance_car.o(i.Complementary_Filter_1st_Order) refers to d2f.o(.text) for __aeabi_d2f
    balance_car.o(i.Complementary_Filter_1st_Order) refers to mpu9250.o(.bss) for g_mpu9250
    balance_car.o(i.Complementary_Filter_2nd_Order) refers to fadd.o(.text) for __aeabi_fsub
    balance_car.o(i.Complementary_Filter_2nd_Order) refers to fmul.o(.text) for __aeabi_fmul
    balance_car.o(i.Complementary_Filter_2nd_Order) refers to f2d.o(.text) for __aeabi_f2d
    balance_car.o(i.Complementary_Filter_2nd_Order) refers to dmul.o(.text) for __aeabi_dmul
    balance_car.o(i.Complementary_Filter_2nd_Order) refers to dadd.o(.text) for __aeabi_dadd
    balance_car.o(i.Complementary_Filter_2nd_Order) refers to d2f.o(.text) for __aeabi_d2f
    balance_car.o(i.Complementary_Filter_2nd_Order) refers to mpu9250.o(.bss) for g_mpu9250
    balance_car.o(i.Get_IR_Sensor) refers to moto_ctrl.o(.data) for g_moto_ctrl
    balance_car.o(i.HAL_TIM_PeriodElapsedCallback) refers to dflti.o(.text) for __aeabi_i2d
    balance_car.o(i.HAL_TIM_PeriodElapsedCallback) refers to dmul.o(.text) for __aeabi_dmul
    balance_car.o(i.HAL_TIM_PeriodElapsedCallback) refers to dfixi.o(.text) for __aeabi_d2iz
    balance_car.o(i.HAL_TIM_PeriodElapsedCallback) refers to printf5.o(i.__0printf$5) for __2printf
    balance_car.o(i.HAL_TIM_PeriodElapsedCallback) refers to balance_car.o(i.SystemTimer1msCallback) for SystemTimer1msCallback
    balance_car.o(i.HAL_TIM_PeriodElapsedCallback) refers to tim.o(.bss) for htim7
    balance_car.o(i.HAL_TIM_PeriodElapsedCallback) refers to balance_car.o(.bss) for SpeedData
    balance_car.o(i.HAL_TIM_PeriodElapsedCallback) refers to moto_ctrl.o(.data) for g_moto_ctrl
[...]
    _printf_truncate_unsigned                0x00000000   Number         0  stubs.o ABSOLUTE
    _printf_u                                0x00000000   Number         0  stubs.o ABSOLUTE
    _printf_wc                               0x00000000   Number         0  stubs.o ABSOLUTE
    _printf_wctomb                           0x00000000   Number         0  stubs.o ABSOLUTE
    _printf_widthprec                        0x00000000   Number         0  stubs.o ABSOLUTE
    _printf_x                                0x00000000   Number         0  stubs.o ABSOLUTE
    __cpp_initialize__aeabi_                  - Undefined Weak Reference
    __cxa_finalize                            - Undefined Weak Reference
    _clock_init                               - Undefined Weak Reference
    _microlib_exit                            - Undefined Weak Reference
    __Vectors_Size                           0x00000130   Number         0  startup_stm32f103xe.o ABSOLUTE
    __Vectors                                0x08000000   Data           4  startup_stm32f103xe.o(RESET)
    __Vectors_End                            0x08000130   Data           0  startup_stm32f103xe.o(RESET)
    __main                                   0x08000131   Thumb Code     0  entry.o(.ARM.Collect$$$$00000000)
    _main_stk                                0x08000131   Thumb Code     0  entry2.o(.ARM.Collect$$$$00000001)
    _main_scatterload                        0x08000135   Thumb Code     0  entry5.o(.ARM.Collect$$$$00000004)
    __main_after_scatterload                 0x08000139   Thumb Code     0  entry5.o(.ARM.Collect$$$$00000004)
    _main_clock                              0x08000139   Thumb Code     0  entry7b.o(.ARM.Collect$$$$00000008)
    _main_cpp_init                           0x08000139   Thumb Code     0  entry8b.o(.ARM.Collect$$$$0000000A)
    _main_init                               0x08000139   Thumb Code     0  entry9a.o(.ARM.Collect$$$$0000000B)
    __rt_final_cpp                           0x08000141   Thumb Code     0  entry10a.o(.ARM.Collect$$$$0000000D)
    __rt_final_exit                          0x08000141   Thumb Code     0  entry11a.o(.ARM.Collect$$$$0000000F)
    Reset_Handler                            0x08000145   Thumb Code     8  startup_stm32f103xe.o(.text)
    ADC1_2_IRQHandler                        0x0800015f   Thumb Code     0  startup_stm32f103xe.o(.text)
    ADC3_IRQHandler                          0x0800015f   Thumb Code     0  startup_stm32f103xe.o(.text)
    CAN1_RX1_IRQHandler                      0x0800015f   Thumb Code     0  startup_stm32f103xe.o(.text)
    CAN1_SCE_IRQHandler                      0x0800015f   Thumb Code     0  startup_stm32f103xe.o(.text)
    DMA1_Channel1_IRQHandler                 0x0800015f   Thumb Code     0  startup_stm32f103xe.o(.text)
    DMA1_Channel2_IRQHandler                 0x0800015f   Thumb Code     0  startup_stm32f103xe.o(.text)
    DMA1_Channel3_IRQHandler                 0x0800015f   Thumb Code     0  startup_stm32f103xe.o(.text)
    DMA1_Channel4_IRQHandler                 0x0800015f   Thumb Code     0  startup_stm32f103xe.o(.text)
    DMA1_Channel5_IRQHandler                 0x0800015f   Thumb Code     0  startup_stm32f103xe.o(.text)
    DMA1_Channel7_IRQHandler                 0x0800015f   Thumb Code     0  startup_stm32f103xe.o(.text)
    DMA2_Channel1_IRQHandler                 0x0800015f   Thumb Code     0  startup_stm32f103xe.o(.text)
    DMA2_Channel2_IRQHandler                 0x0800015f   Thumb Code     0  startup_stm32f103xe.o(.text)
    DMA2_Channel4_5_IRQHandler               0x0800015f   Thumb Code     0  startup_stm32f103xe.o(.text)
    EXTI0_IRQHandler                         0x0800015f   Thumb Code     0  startup_stm32f103xe.o(.text)
    EXTI15_10_IRQHandler                     0x0800015f   Thumb Code     0  startup_stm32f103xe.o(.text)
    EXTI1_IRQHandler                         0x0800015f   Thumb Code     0  startup_stm32f103xe.o(.text)
    EXTI2_IRQHandler                         0x0800015f   Thumb Code     0  startup_stm32f103xe.o(.text)
    EXTI3_IRQHandler                         0x0800015f   Thumb Code     0  startup_stm32f103xe.o(.text)
    EXTI9_5_IRQHandler                       0x0800015f   Thumb Code     0  startup_stm32f103xe.o(.text)
    FLASH_IRQHandler                         0x0800015f   Thumb Code     0  startup_stm32f103xe.o(.text)
    FSMC_IRQHandler                          0x0800015f   Thumb Code     0  startup_stm32f103xe.o(.text)
    I2C1_ER_IRQHandler                       0x0800015f   Thumb Code     0  startup_stm32f103xe.o(.text)
    I2C1_EV_IRQHandler                       0x0800015f   Thumb Code     0  startup_stm32f103xe.o(.text)
    I2C2_ER_IRQHandler                       0x0800015f   Thumb Code     0  startup_stm32f103xe.o(.text)
    I2C2_EV_IRQHandler                       0x0800015f   Thumb Code     0  startup_stm32f103xe.o(.text)
    PVD_IRQHandler                           0x0800015f   Thumb Code     0  startup_stm32f103xe.o(.text)
    RCC_IRQHandler                           0x0800015f   Thumb Code     0  startup_stm32f103xe.o(.text)
    RTC_Alarm_IRQHandler                     0x0800015f   Thumb Code     0  startup_stm32f103xe.o(.text)
    RTC_IRQHandler                           0x0800015f   Thumb Code     0  startup_stm32f103xe.o(.text)
    SDIO_IRQHandler                          0x0800015f   Thumb Code     0  startup_stm32f103xe.o(.text)
    SPI1_IRQHandler                          0x0800015f   Thumb Code     0  startup_stm32f103xe.o(.text)
    SPI2_IRQHandler                          0x0800015f   Thumb Code     0  startup_stm32f103xe.o(.text)
    SPI3_IRQHandler                          0x0800015f   Thumb Code     0  startup_stm32f103xe.o(.text)
    TAMPER_IRQHandler                        0x0800015f   Thumb Code     0  startup_stm32f103xe.o(.text)
    TIM1_BRK_IRQHandler                      0x0800015f   Thumb Code     0  startup_stm32f103xe.o(.text)
    TIM1_CC_IRQHandler                       0x0800015f   Thumb Code     0  startup_stm32f103xe.o(.text)
    TIM1_TRG_COM_IRQHandler                  0x0800015f   Thumb Code     0  startup_stm32f103xe.o(.text)
    TIM1_UP_IRQHandler                       0x0800015f   Thumb Code     0  startup_stm32f103xe.o(.text)
    TIM2_IRQHandler                          0x0800015f   Thumb Code     0  startup_stm32f103xe.o(.text)
    TIM3_IRQHandler                          0x0800015f   Thumb Code     0  startup_stm32f103xe.o(.text)
    TIM4_IRQHandler                          0x0800015f   Thumb Code     0  startup_stm32f103xe.o(.text)
    TIM5_IRQHandler                          0x0800015f   Thumb Code     0  startup_stm32f103xe.o(.text)
    TIM8_BRK_IRQHandler                      0x0800015f   Thumb Code     0  startup_stm32f103xe.o(.text)
    TIM8_CC_IRQHandler                       0x0800015f   Thumb Code     0  startup_stm32f103xe.o(.text)
    TIM8_TRG_COM_IRQHandler                  0x0800015f   Thumb Code     0  startup_stm32f103xe.o(.text)
    TIM8_UP_IRQHandler                       0x0800015f   Thumb Code     0  startup_stm32f103xe.o(.text)
    UART5_IRQHandler                         0x0800015f   Thumb Code     0  startup_stm32f103xe.o(.text)
    USART1_IRQHandler                        0x0800015f   Thumb Code     0  startup_stm32f103xe.o(.text)
    USART3_IRQHandler                        0x0800015f   Thumb Code     0  startup_stm32f103xe.o(.text)
    USBWakeUp_IRQHandler                     0x0800015f   Thumb Code     0  startup_stm32f103xe.o(.text)
    WWDG_IRQHandler                          0x0800015f   Thumb Code     0  startup_stm32f103xe.o(.text)
    __aeabi_llsr                             0x08000169   Thumb Code    32  llushr.o(.text)
    _ll_ushift_r                             0x08000169   Thumb Code     0  llushr.o(.text)
    __aeabi_memcpy                           0x08000189   Thumb Code    36  memcpya.o(.text)
    __aeabi_memcpy4                          0x08000189   Thumb Code     0  memcpya.o(.text)
    __aeabi_memcpy8                          0x08000189   Thumb Code     0  memcpya.o(.text)
    __aeabi_memset                           0x080001ad   Thumb Code    14  memseta.o(.text)
    __aeabi_memset4                          0x080001ad   Thumb Code     0  memseta.o(.text)
    __aeabi_memset8                          0x080001ad   Thumb Code     0  memseta.o(.text)
    __aeabi_memclr                           0x080001bb   Thumb Code     4  memseta.o(.text)
    __aeabi_memclr4                          0x080001bb   Thumb Code     0  memseta.o(.text)
    __aeabi_memclr8                          0x080001bb   Thumb Code     0  memseta.o(.text)
    _memset$wrapper                          0x080001bf   Thumb Code    18  memseta.o(.text)
    __aeabi_fadd                             0x080001d1   Thumb Code   164  fadd.o(.text)
    __aeabi_fsub                             0x08000275   Thumb Code     6  fadd.o(.text)
    __aeabi_frsub                            0x0800027b   Thumb Code     6  fadd.o(.text)
    __aeabi_fmul                             0x08000281   Thumb Code   100  fmul.o(.text)
    __aeabi_fdiv                             0x080002e5   Thumb Code   124  fdiv.o(.text)
    __aeabi_dadd                             0x08000361   Thumb Code   322  dadd.o(.text)
    __aeabi_dsub                             0x080004a3   Thumb Code     6  dadd.o(.text)
    __aeabi_drsub                            0x080004a9   Thumb Code     6  dadd.o(.text)
    __aeabi_dmul                             0x080004af   Thumb Code   228  dmul.o(.text)
    __aeabi_ddiv                             0x08000593   Thumb Code   222  ddiv.o(.text)
    __aeabi_i2f                              0x08000671   Thumb Code    18  fflti.o(.text)
    __aeabi_i2d                              0x08000683   Thumb Code    34  dflti.o(.text)
    __aeabi_f2iz                             0x080006a5   Thumb Code    50  ffixi.o(.text)
    __aeabi_d2iz                             0x080006d7   Thumb Code    62  dfixi.o(.text)
    __aeabi_f2d                              0x08000715   Thumb Code    38  f2d.o(.text)
    __aeabi_d2f                              0x0800073b   Thumb Code    56  d2f.o(.text)
    __aeabi_cfcmpeq                          0x08000775   Thumb Code     0  cfcmple.o(.text)
    __aeabi_cfcmple                          0x08000775   Thumb Code    20  cfcmple.o(.text)
    __aeabi_cfrcmple                         0x08000789   Thumb Code    20  cfrcmple.o(.text)
    __aeabi_uldivmod                         0x0800079d   Thumb Code    98  uldiv.o(.text)
    __aeabi_llsl                             0x080007ff   Thumb Code    30  llshl.o(.text)
    _ll_shift_l                              0x080007ff   Thumb Code     0  llshl.o(.text)
    __aeabi_lasr                             0x0800081d   Thumb Code    36  llsshr.o(.text)
    _ll_sshift_r                             0x0800081d   Thumb Code     0  llsshr.o(.text)
    __I$use$fp                               0x08000841   Thumb Code     0  iusefp.o(.text)
    _float_round                             0x08000841   Thumb Code    18  fepilogue.o(.text)
    _float_epilogue                          0x08000853   Thumb Code    92  fepilogue.o(.text)
    _double_round                            0x080008af   Thumb Code    30  depilogue.o(.text)
    _double_epilogue                         0x080008cd   Thumb Code   156  depilogue.o(.text)
    __scatterload                            0x08000969   Thumb Code    28  init.o(.text)
    __scatterload_rt2                        0x08000969   Thumb Code     0  init.o(.text)
    __ARM_scalbn                             0x0800098d   Thumb Code    46  dscalb.o(.text)
    scalbn                                   0x0800098d   Thumb Code     0  dscalb.o(.text)
    __decompress                             0x080009bb   Thumb Code     0  __dczerorl2.o(.text)
    __decompress1                            0x080009bb   Thumb Code    86  __dczerorl2.o(.text)
    BusFault_Handler                         0x08000a11   Thumb Code     4  stm32f1xx_it.o(i.BusFault_Handler)
    CRC_CHECK                                0x08000a9d   Thumb Code    58  uart_osc.o(i.CRC_CHECK)
    CheckUartReceivedData                    0x08000ad9   Thumb Code   688  uart_dma.o(i.CheckUartReceivedData)
    Complementary_Filter_1st_Order           0x08000d99   Thumb Code   114  balance_car.o(i.Complementary_Filter_1st_Order)
    DMA1_Channel6_IRQHandler                 0x08000e21   Thumb Code    10  stm32f1xx_it.o(i.DMA1_Channel6_IRQHandler)
    DMA2_Channel3_IRQHandler                 0x08000e31   Thumb Code    10  stm32f1xx_it.o(i.DMA2_Channel3_IRQHandler)
    DebugMon_Handler                         0x08000e6d   Thumb Code     2  stm32f1xx_it.o(i.DebugMon_Handler)
    EXTI4_IRQHandler                         0x08000e6f   Thumb Code    10  stm32f1xx_it.o(i.EXTI4_IRQHandler)
    EnableBT                                 0x08000e79   Thumb Code    48  bt_uart.o(i.EnableBT)
    Error_Handler                            0x08000ead   Thumb Code     2  main.o(i.Error_Handler)
    Get_IR_Sensor                            0x08000eb1   Thumb Code    78  balance_car.o(i.Get_IR_Sensor)
    HAL_DMA_Abort                            0x08000f45   Thumb Code    86  stm32f1xx_hal_dma.o(i.HAL_DMA_Abort)
    HAL_DMA_Abort_IT                         0x08000f9d   Thumb Code   414  stm32f1xx_hal_dma.o(i.HAL_DMA_Abort_IT)
    HAL_DMA_IRQHandler                       0x08001145   Thumb Code   910  stm32f1xx_hal_dma.o(i.HAL_DMA_IRQHandler)
    HAL_DMA_Init                             0x080014dd   Thumb Code   132  stm32f1xx_hal_dma.o(i.HAL_DMA_Init)
    HAL_DMA_Start_IT                         0x08001569   Thumb Code   156  stm32f1xx_hal_dma.o(i.HAL_DMA_Start_IT)
    HAL_Delay                                0x08001605   Thumb Code    36  stm32f1xx_hal.o(i.HAL_Delay)
    HAL_GPIO_DeInit                          0x0800162d   Thumb Code   306  stm32f1xx_hal_gpio.o(i.HAL_GPIO_DeInit)
    HAL_GPIO_EXTI_Callback                   0x08001781   Thumb Code    18  ld3320.o(i.HAL_GPIO_EXTI_Callback)
    HAL_GPIO_EXTI_IRQHandler                 0x08001795   Thumb Code    24  stm32f1xx_hal_gpio.o(i.HAL_GPIO_EXTI_IRQHandler)
    HAL_GPIO_Init                            0x080017b1   Thumb Code   792  stm32f1xx_hal_gpio.o(i.HAL_GPIO_Init)
    HAL_GPIO_ReadPin                         0x08001af1   Thumb Code    16  stm32f1xx_hal_gpio.o(i.HAL_GPIO_ReadPin)
    HAL_GPIO_TogglePin                       0x08001b01   Thumb Code    14  stm32f1xx_hal_gpio.o(i.HAL_GPIO_TogglePin)
    HAL_GPIO_WritePin                        0x08001b0f   Thumb Code    12  stm32f1xx_hal_gpio.o(i.HAL_GPIO_WritePin)
    HAL_GetTick                              0x08001b1d   Thumb Code     6  stm32f1xx_hal.o(i.HAL_GetTick)
    HAL_I2C_Init                             0x08001b29   Thumb Code   422  stm32f1xx_hal_i2c.o(i.HAL_I2C_Init)
    HAL_I2C_MspInit                          0x08001ce1   Thumb Code   106  i2c.o(i.HAL_I2C_MspInit)
    HAL_IncTick                              0x08001d59   Thumb Code    16  stm32f1xx_hal.o(i.HAL_IncTick)
    HAL_Init                                 0x08001d71   Thumb Code    34  stm32f1xx_hal.o(i.HAL_Init)
    HAL_InitTick                             0x08001d99   Thumb Code    64  stm32f1xx_hal.o(i.HAL_InitTick)
    HAL_MspInit                              0x08001de5   Thumb Code    76  stm32f1xx_hal_msp.o(i.HAL_MspInit)
    HAL_NVIC_EnableIRQ                       0x08001e39   Thumb Code    32  stm32f1xx_hal_cortex.o(i.HAL_NVIC_EnableIRQ)
    HAL_NVIC_SetPriority                     0x08001e59   Thumb Code   124  stm32f1xx_hal_cortex.o(i.HAL_NVIC_SetPriority)
    HAL_NVIC_SetPriorityGrouping             0x08001ed5   Thumb Code    32  stm32f1xx_hal_cortex.o(i.HAL_NVIC_SetPriorityGrouping)
    HAL_PCDEx_PMAConfig                      0x08001efd   Thumb Code    60  stm32f1xx_hal_pcd_ex.o(i.HAL_PCDEx_PMAConfig)
    HAL_PCDEx_SetConnectionState             0x08001f39   Thumb Code     2  usbd_conf.o(i.HAL_PCDEx_SetConnectionState)
    HAL_PCD_DataInStageCallback              0x08001f3b   Thumb Code    28  usbd_conf.o(i.HAL_PCD_DataInStageCallback)
    HAL_PCD_DataOutStageCallback             0x08001f57   Thumb Code    28  usbd_conf.o(i.HAL_PCD_DataOutStageCallback)
    HAL_PCD_EP_Close                         0x08001f73   Thumb Code    98  stm32f1xx_hal_pcd.o(i.HAL_PCD_EP_Close)
    HAL_PCD_EP_ClrStall                      0x08001fd5   Thumb Code   116  stm32f1xx_hal_pcd.o(i.HAL_PCD_EP_ClrStall)
    HAL_PCD_EP_GetRxCount                    0x08002049   Thumb Code    18  stm32f1xx_hal_pcd.o(i.HAL_PCD_EP_GetRxCount)
    HAL_PCD_EP_Open                          0x0800205b   Thumb Code   132  stm32f1xx_hal_pcd.o(i.HAL_PCD_EP_Open)
    HAL_PCD_EP_Receive                       0x080020df   Thumb Code    72  stm32f1xx_hal_pcd.o(i.HAL_PCD_EP_Receive)
    HAL_PCD_EP_SetStall                      0x08002127   Thumb Code   128  stm32f1xx_hal_pcd.o(i.HAL_PCD_EP_SetStall)
    HAL_PCD_EP_Transmit                      0x080021a7   Thumb Code    74  stm32f1xx_hal_pcd.o(i.HAL_PCD_EP_Transmit)
    HAL_PCD_IRQHandler                       0x080021f1   Thumb Code   384  stm32f1xx_hal_pcd.o(i.HAL_PCD_IRQHandler)
    HAL_PCD_Init                             0x08002371   Thumb Code   302  stm32f1xx_hal_pcd.o(i.HAL_PCD_Init)
    HAL_PCD_MspInit                          0x080024a1   Thumb Code    74  usbd_conf.o(i.HAL_PCD_MspInit)
    HAL_PCD_ResetCallback                    0x080024f5   Thumb Code    36  usbd_conf.o(i.HAL_PCD_ResetCallback)
    HAL_PCD_ResumeCallback                   0x08002519   Thumb Code    14  usbd_conf.o(i.HAL_PCD_ResumeCallback)
    HAL_PCD_SOFCallback                      0x08002527   Thumb Code    14  usbd_conf.o(i.HAL_PCD_SOFCallback)
    HAL_PCD_SetAddress                       0x08002535   Thumb Code    54  stm32f1xx_hal_pcd.o(i.HAL_PCD_SetAddress)
    HAL_PCD_SetupStageCallback               0x0800256b   Thumb Code    18  usbd_conf.o(i.HAL_PCD_SetupStageCallback)
    HAL_PCD_Start                            0x0800257d   Thumb Code    60  stm32f1xx_hal_pcd.o(i.HAL_PCD_Start)
    HAL_PCD_SuspendCallback                  0x080025b9   Thumb Code    30  usbd_conf.o(i.HAL_PCD_SuspendCallback)
    HAL_PWR_EnterSTANDBYMode                 0x080025dd   Thumb Code    32  stm32f1xx_hal_pwr.o(i.HAL_PWR_EnterSTANDBYMode)
    HAL_RCCEx_PeriphCLKConfig                0x08002605   Thumb Code   290  stm32f1xx_hal_rcc_ex.o(i.HAL_RCCEx_PeriphCLKConfig)
    HAL_RCC_ClockConfig                      0x08002735   Thumb Code   376  stm32f1xx_hal_rcc.o(i.HAL_RCC_ClockConfig)
    HAL_RCC_GetHCLKFreq                      0x080028c1   Thumb Code     6  stm32f1xx_hal_rcc.o(i.HAL_RCC_GetHCLKFreq)
    HAL_RCC_GetPCLK1Freq                     0x080028cd   Thumb Code    22  stm32f1xx_hal_rcc.o(i.HAL_RCC_GetPCLK1Freq)
    HAL_RCC_GetPCLK2Freq                     0x080028ed   Thumb Code    22  stm32f1xx_hal_rcc.o(i.HAL_RCC_GetPCLK2Freq)
    HAL_RCC_GetSysClockFreq                  0x0800290d   Thumb Code   116  stm32f1xx_hal_rcc.o(i.HAL_RCC_GetSysClockFreq)
    HAL_RCC_OscConfig                        0x080029a1   Thumb Code  1114  stm32f1xx_hal_rcc.o(i.HAL_RCC_OscConfig)
    HAL_SPI_Init                             0x08002e05   Thumb Code   136  stm32f1xx_hal_spi.o(i.HAL_SPI_Init)
    HAL_SPI_MspDeInit                        0x08002e8d   Thumb Code    96  spi.o(i.HAL_SPI_MspDeInit)
    HAL_SPI_MspInit                          0x08002f05   Thumb Code   310  spi.o(i.HAL_SPI_MspInit)
    HAL_SPI_Receive                          0x08003055   Thumb Code   356  stm32f1xx_hal_spi.o(i.HAL_SPI_Receive)
    HAL_SPI_Transmit                         0x080031b9   Thumb Code   418  stm32f1xx_hal_spi.o(i.HAL_SPI_Transmit)
    HAL_SPI_TransmitReceive                  0x0800335b   Thumb Code   554  stm32f1xx_hal_spi.o(i.HAL_SPI_TransmitReceive)
    HAL_SYSTICK_Config                       0x08003585   Thumb Code    52  stm32f1xx_hal_cortex.o(i.HAL_SYSTICK_Config)
    HAL_TIMEx_BreakCallback                  0x080035b9   Thumb Code     2  stm32f1xx_hal_tim_ex.o(i.HAL_TIMEx_BreakCallback)
    HAL_TIMEx_CommutCallback                 0x080035bb   Thumb Code     2  stm32f1xx_hal_tim_ex.o(i.HAL_TIMEx_CommutCallback)
    HAL_TIMEx_ConfigBreakDeadTime            0x080035bd   Thumb Code   116  stm32f1xx_hal_tim_ex.o(i.HAL_TIMEx_ConfigBreakDeadTime)
    HAL_TIMEx_MasterConfigSynchronization    0x08003631   Thumb Code    84  stm32f1xx_hal_tim_ex.o(i.HAL_TIMEx_MasterConfigSynchronization)
    HAL_TIM_Base_Init                        0x08003685   Thumb Code    52  stm32f1xx_hal_tim.o(i.HAL_TIM_Base_Init)
    HAL_TIM_Base_MspInit                     0x080036b9   Thumb Code   112  tim.o(i.HAL_TIM_Base_MspInit)
    HAL_TIM_Base_Start_IT                    0x08003735   Thumb Code    42  stm32f1xx_hal_tim.o(i.HAL_TIM_Base_Start_IT)
    HAL_TIM_Base_Stop_IT                     0x0800375f   Thumb Code    56  stm32f1xx_hal_tim.o(i.HAL_TIM_Base_Stop_IT)
    HAL_TIM_Encoder_Init                     0x08003797   Thumb Code   170  stm32f1xx_hal_tim.o(i.HAL_TIM_Encoder_Init)
    HAL_TIM_Encoder_MspInit                  0x08003841   Thumb Code   206  tim.o(i.HAL_TIM_Encoder_MspInit)
    HAL_TIM_Encoder_Start                    0x08003929   Thumb Code    78  stm32f1xx_hal_tim.o(i.HAL_TIM_Encoder_Start)
    HAL_TIM_Encoder_Stop                     0x08003977   Thumb Code   104  stm32f1xx_hal_tim.o(i.HAL_TIM_Encoder_Stop)
    HAL_TIM_IC_CaptureCallback               0x080039df   Thumb Code     2  stm32f1xx_hal_tim.o(i.HAL_TIM_IC_CaptureCallback)
    HAL_TIM_IRQHandler                       0x080039e1   Thumb Code   406  stm32f1xx_hal_tim.o(i.HAL_TIM_IRQHandler)
    HAL_TIM_MspPostInit                      0x08003b79   Thumb Code   134  tim.o(i.HAL_TIM_MspPostInit)
    HAL_TIM_OC_DelayElapsedCallback          0x08003c15   Thumb Code     2  stm32f1xx_hal_tim.o(i.HAL_TIM_OC_DelayElapsedCallback)
    HAL_TIM_PWM_ConfigChannel                0x08003c17   Thumb Code   264  stm32f1xx_hal_tim.o(i.HAL_TIM_PWM_ConfigChannel)
    HAL_TIM_PWM_Init                         0x08003d1f   Thumb Code    52  stm32f1xx_hal_tim.o(i.HAL_TIM_PWM_Init)
    HAL_TIM_PWM_MspDeInit                    0x08003d55   Thumb Code    44  tim.o(i.HAL_TIM_PWM_MspDeInit)
    HAL_TIM_PWM_MspInit                      0x08003d8d   Thumb Code    76  tim.o(i.HAL_TIM_PWM_MspInit)
    HAL_TIM_PWM_PulseFinishedCallback        0x08003de5   Thumb Code     2  stm32f1xx_hal_tim.o(i.HAL_TIM_PWM_PulseFinishedCallback)
    HAL_TIM_PWM_Start                        0x08003de9   Thumb Code    80  stm32f1xx_hal_tim.o(i.HAL_TIM_PWM_Start)
    HAL_TIM_PWM_Stop                         0x08003e41   Thumb Code   126  stm32f1xx_hal_tim.o(i.HAL_TIM_PWM_Stop)
    HAL_TIM_PeriodElapsedCallback            0x08003ec9   Thumb Code   160  balance_car.o(i.HAL_TIM_PeriodElapsedCallback)
    HAL_TIM_TriggerCallback                  0x08003f91   Thumb Code     2  stm32f1xx_hal_tim.o(i.HAL_TIM_TriggerCallback)
    HAL_UART_DMAStop                         0x08003f93   Thumb Code   102  stm32f1xx_hal_uart.o(i.HAL_UART_DMAStop)
    HAL_UART_ErrorCallback                   0x08003ff9   Thumb Code    66  uart_dma.o(i.HAL_UART_ErrorCallback)
    HAL_UART_GetState                        0x08004051   Thumb Code    20  stm32f1xx_hal_uart.o(i.HAL_UART_GetState)
    HAL_UART_IRQHandler                      0x08004065   Thumb Code   326  stm32f1xx_hal_uart.o(i.HAL_UART_IRQHandler)
    HAL_UART_Init                            0x080041b1   Thumb Code   114  stm32f1xx_hal_uart.o(i.HAL_UART_Init)
    HAL_UART_MspInit                         0x08004225   Thumb Code   356  usart.o(i.HAL_UART_MspInit)
    HAL_UART_Receive_DMA                     0x080043ad   Thumb Code   182  stm32f1xx_hal_uart.o(i.HAL_UART_Receive_DMA)
    HAL_UART_RxCpltCallback                  0x08004471   Thumb Code   266  uart_dma.o(i.HAL_UART_RxCpltCallback)
    HAL_UART_RxHalfCpltCallback              0x08004595   Thumb Code     2  stm32f1xx_hal_uart.o(i.HAL_UART_RxHalfCpltCallback)
    HAL_UART_Transmit                        0x08004597   Thumb Code   214  stm32f1xx_hal_uart.o(i.HAL_UART_Transmit)
    HAL_UART_TxCpltCallback                  0x0800466d   Thumb Code     2  stm32f1xx_hal_uart.o(i.HAL_UART_TxCpltCallback)
    HardFault_Handler                        0x0800466f   Thumb Code     4  stm32f1xx_it.o(i.HardFault_Handler)
    IR_Sensor_Init                           0x08004675   Thumb Code   178  balance_car.o(i.IR_Sensor_Init)
    InitSpeedAndDistance                     0x08004739   Thumb Code    14  balance_car.o(i.InitSpeedAndDistance)
    LD3320_AsrAddFixed                       0x0800478d   Thumb Code   176  ld3320.o(i.LD3320_AsrAddFixed)
    LD3320_AsrRun                            0x08004849   Thumb Code   114  ld3320.o(i.LD3320_AsrRun)
    LD3320_AsrStart                          0x080048bb   Thumb Code     8  ld3320.o(i.LD3320_AsrStart)
    LD3320_Check_ASRBusyFlag_b2              0x080048c3   Thumb Code    50  ld3320.o(i.LD3320_Check_ASRBusyFlag_b2)
    LD3320_Init_ASR                          0x080048f5   Thumb Code   108  ld3320.o(i.LD3320_Init_ASR)
    LD3320_Init_Common                       0x08004961   Thumb Code   162  ld3320.o(i.LD3320_Init_Common)
    LD3320_Int                               0x08004a05   Thumb Code   168  ld3320.o(i.LD3320_Int)
    LD3320_Power                             0x08004ab1   Thumb Code    42  ld3320.o(i.LD3320_Power)
    LD3320_Reg_Read                          0x08004ae5   Thumb Code    78  ld3320.o(i.LD3320_Reg_Read)
    LD3320_Reg_Write                         0x08004b3d   Thumb Code    62  ld3320.o(i.LD3320_Reg_Write)
    LEDCtrl                                  0x08004b85   Thumb Code   162  balance_car.o(i.LEDCtrl)
    MPU9250_Data_Process                     0x08004c2d   Thumb Code   110  mpu9250.o(i.MPU9250_Data_Process)
    MPU9250_Data_Read                        0x08004cad   Thumb Code    38  mpu9250.o(i.MPU9250_Data_Read)
    MPU9250_Get_Accel_Gyro_Temp              0x08004cd5   Thumb Code    54  mpu9250.o(i.MPU9250_Get_Accel_Gyro_Temp)
    MPU9250_Init                             0x08004d11   Thumb Code   214  mpu9250.o(i.MPU9250_Init)
    MPU9250_Mem_Read                         0x08004dfd   Thumb Code    76  mpu9250.o(i.MPU9250_Mem_Read)
    MPU9250_Mem_Write                        0x08004e51   Thumb Code    58  mpu9250.o(i.MPU9250_Mem_Write)
    MX_DMA_Init                              0x08004e95   Thumb Code    90  dma.o(i.MX_DMA_Init)
    MX_GPIO_Init                             0x08004ef5   Thumb Code   366  gpio.o(i.MX_GPIO_Init)
    MX_I2C2_Init                             0x0800507d   Thumb Code    48  i2c.o(i.MX_I2C2_Init)
    MX_SPI1_Init                             0x080050b9   Thumb Code    60  spi.o(i.MX_SPI1_Init)
    MX_SPI2_Init                             0x080050fd   Thumb Code    60  spi.o(i.MX_SPI2_Init)
    MX_SPI3_Init                             0x08005141   Thumb Code    66  spi.o(i.MX_SPI3_Init)
    MX_TIM1_Init                             0x0800518d   Thumb Code   116  tim.o(i.MX_TIM1_Init)
    MX_TIM3_Init                             0x08005209   Thumb Code   114  tim.o(i.MX_TIM3_Init)
    MX_TIM4_Init                             0x08005285   Thumb Code   156  tim.o(i.MX_TIM4_Init)
    MX_TIM6_Init                             0x08005329   Thumb Code    66  tim.o(i.MX_TIM6_Init)
    MX_TIM7_Init                             0x08005375   Thumb Code    68  tim.o(i.MX_TIM7_Init)
    MX_TIM8_Init                             0x080053c1   Thumb Code   184  tim.o(i.MX_TIM8_Init)
    MX_UART4_Init                            0x08005481   Thumb Code    46  usart.o(i.MX_UART4_Init)
    MX_USART2_UART_Init                      0x080054b9   Thumb Code    46  usart.o(i.MX_USART2_UART_Init)
    MX_USB_DEVICE_Init                       0x080054f1   Thumb Code    60  usb_device.o(i.MX_USB_DEVICE_Init)
    MemManage_Handler                        0x0800553d   Thumb Code     4  stm32f1xx_it.o(i.MemManage_Handler)
    Moto_Balance_PID_Ctrl                    0x08005541   Thumb Code   278  moto_ctrl.o(i.Moto_Balance_PID_Ctrl)
    Motor_Stop                               0x08005685   Thumb Code    60  moto_ctrl.o(i.Motor_Stop)
    MyPID                                    0x080056c9   Thumb Code     8  uart_dma.o(i.MyPID)
    NMI_Handler                              0x080056d5   Thumb Code     2  stm32f1xx_it.o(i.NMI_Handler)
    PendSV_Handler                           0x08005a6f   Thumb Code     2  stm32f1xx_it.o(i.PendSV_Handler)
    ReadUserButton0                          0x08005a99   Thumb Code    70  balance_car.o(i.ReadUserButton0)
    ReadUserButton1                          0x08005aed   Thumb Code    70  balance_car.o(i.ReadUserButton1)
    RunASR                                   0x08005b41   Thumb Code   108  ld3320.o(i.RunASR)
    SVC_Handler                              0x08005cf5   Thumb Code     2  stm32f1xx_it.o(i.SVC_Handler)
    SendToDeviceUart                         0x08005cf9   Thumb Code    62  uart_dma.o(i.SendToDeviceUart)
    SendUartDataToUART                       0x08005d41   Thumb Code    42  uart_dma.o(i.SendUartDataToUART)
    SetWorkMode                              0x08005d71   Thumb Code   142  balance_car.o(i.SetWorkMode)
    StartAllUartDMAReceive                   0x08005e09   Thumb Code    88  uart_dma.o(i.StartAllUartDMAReceive)
    StartMeasureSpeed                        0x08005e7d   Thumb Code    46  balance_car.o(i.StartMeasureSpeed)
    StopMeasureSpeed                         0x08005eb9   Thumb Code    46  balance_car.o(i.StopMeasureSpeed)
    SysTick_Handler                          0x08005ef5   Thumb Code     8  stm32f1xx_it.o(i.SysTick_Handler)
    SystemClock_Config                       0x08005efd   Thumb Code   130  main.o(i.SystemClock_Config)
    SystemInit                               0x08005f81   Thumb Code    70  system_stm32f1xx.o(i.SystemInit)
    SystemTimer1msCallback                   0x08005fd9   Thumb Code   122  balance_car.o(i.SystemTimer1msCallback)
    TIM6_IRQHandler                          0x08006061   Thumb Code    10  stm32f1xx_it.o(i.TIM6_IRQHandler)
    TIM7_IRQHandler                          0x08006071   Thumb Code    10  stm32f1xx_it.o(i.TIM7_IRQHandler)
    TIM_Base_SetConfig                       0x08006081   Thumb Code   134  stm32f1xx_hal_tim.o(i.TIM_Base_SetConfig)
    TIM_CCxChannelCmd                        0x0800611d   Thumb Code    34  stm32f1xx_hal_tim.o(i.TIM_CCxChannelCmd)
    TIM_OC2_SetConfig                        0x080061b1   Thumb Code   114  stm32f1xx_hal_tim.o(i.TIM_OC2_SetConfig)
    TIM_SetCompare3                          0x080062f9   Thumb Code     4  moto_ctrl.o(i.TIM_SetCompare3)
    TIM_SetCompare4                          0x080062fd   Thumb Code     4  moto_ctrl.o(i.TIM_SetCompare4)
    UART4_IRQHandler                         0x08006301   Thumb Code    16  stm32f1xx_it.o(i.UART4_IRQHandler)
    USART2_IRQHandler                        0x0800673d   Thumb Code    16  stm32f1xx_it.o(i.USART2_IRQHandler)
    USBD_CDC_GetDeviceQualifierDescriptor    0x0800687d   Thumb Code    10  usbd_cdc.o(i.USBD_CDC_GetDeviceQualifierDescriptor)
    USBD_CDC_ReceivePacket                   0x08006975   Thumb Code    58  usbd_cdc.o(i.USBD_CDC_ReceivePacket)
    USBD_CDC_RegisterInterface               0x080069af   Thumb Code    14  usbd_cdc.o(i.USBD_CDC_RegisterInterface)
    USBD_CDC_SetRxBuffer                     0x080069bd   Thumb Code    14  usbd_cdc.o(i.USBD_CDC_SetRxBuffer)
    USBD_CDC_SetTxBuffer                     0x080069cb   Thumb Code    20  usbd_cdc.o(i.USBD_CDC_SetTxBuffer)
    USBD_ClrClassConfig                      0x08006ad3   Thumb Code    22  usbd_core.o(i.USBD_ClrClassConfig)
    USBD_CtlContinueRx                       0x08006b27   Thumb Code    24  usbd_ioreq.o(i.USBD_CtlContinueRx)
    USBD_CtlContinueSendData                 0x08006b3f   Thumb Code    24  usbd_ioreq.o(i.USBD_CtlContinueSendData)
    USBD_CtlError                            0x08006b57   Thumb Code    24  usbd_ctlreq.o(i.USBD_CtlError)
    USBD_CtlPrepareRx                        0x08006b6f   Thumb Code    40  usbd_ioreq.o(i.USBD_CtlPrepareRx)
    USBD_CtlReceiveStatus                    0x08006b97   Thumb Code    26  usbd_ioreq.o(i.USBD_CtlReceiveStatus)
    USBD_CtlSendData                         0x08006bb1   Thumb Code    34  usbd_ioreq.o(i.USBD_CtlSendData)
    USBD_CtlSendStatus                       0x08006bd3   Thumb Code    26  usbd_ioreq.o(i.USBD_CtlSendStatus)
    USBD_FS_ConfigStrDescriptor              0x08006bed   Thumb Code    34  usbd_desc.o(i.USBD_FS_ConfigStrDescriptor)
    USBD_FS_DeviceDescriptor                 0x08006c21   Thumb Code    10  usbd_desc.o(i.USBD_FS_DeviceDescriptor)
    USBD_FS_InterfaceStrDescriptor           0x08006c31   Thumb Code    34  usbd_desc.o(i.USBD_FS_InterfaceStrDescriptor)
    USBD_FS_LangIDStrDescriptor              0x08006c69   Thumb Code    10  usbd_desc.o(i.USBD_FS_LangIDStrDescriptor)
    USBD_FS_ManufacturerStrDescriptor        0x08006c79   Thumb Code    20  usbd_desc.o(i.USBD_FS_ManufacturerStrDescriptor)
    USBD_FS_ProductStrDescriptor             0x08006ca5   Thumb Code    34  usbd_desc.o(i.USBD_FS_ProductStrDescriptor)
    USBD_FS_SerialStrDescriptor              0x08006ce5   Thumb Code    18  usbd_desc.o(i.USBD_FS_SerialStrDescriptor)
    USBD_GetString                           0x08006fb5   Thumb Code    82  usbd_ctlreq.o(i.USBD_GetString)
    USBD_Init                                0x08007033   Thumb Code    50  usbd_core.o(i.USBD_Init)
    USBD_LL_ClearStallEP                     0x08007065   Thumb Code    38  usbd_conf.o(i.USBD_LL_ClearStallEP)
    USBD_LL_CloseEP                          0x0800708b   Thumb Code    38  usbd_conf.o(i.USBD_LL_CloseEP)
    USBD_LL_DataInStage                      0x080070b1   Thumb Code   256  usbd_core.o(i.USBD_LL_DataInStage)
    USBD_LL_DataOutStage                     0x080071b1   Thumb Code   166  usbd_core.o(i.USBD_LL_DataOutStage)
    USBD_LL_GetRxDataSize                    0x08007257   Thumb Code    18  usbd_conf.o(i.USBD_LL_GetRxDataSize)
    USBD_LL_Init                             0x08007269   Thumb Code   124  usbd_conf.o(i.USBD_LL_Init)
    USBD_LL_IsStallEP                        0x080072ed   Thumb Code    48  usbd_conf.o(i.USBD_LL_IsStallEP)
    USBD_LL_OpenEP                           0x0800731d   Thumb Code    48  usbd_conf.o(i.USBD_LL_OpenEP)
    USBD_LL_PrepareReceive                   0x0800734d   Thumb Code    48  usbd_conf.o(i.USBD_LL_PrepareReceive)
    USBD_LL_Reset                            0x0800737d   Thumb Code    92  usbd_core.o(i.USBD_LL_Reset)
    USBD_LL_Resume                           0x080073d9   Thumb Code    22  usbd_core.o(i.USBD_LL_Resume)
    USBD_LL_SOF                              0x080073ef   Thumb Code    34  usbd_core.o(i.USBD_LL_SOF)
    USBD_LL_SetSpeed                         0x08007411   Thumb Code     8  usbd_core.o(i.USBD_LL_SetSpeed)
    USBD_LL_SetUSBAddress                    0x08007419   Thumb Code    38  usbd_conf.o(i.USBD_LL_SetUSBAddress)
    USBD_LL_SetupStage                       0x0800743f   Thumb Code   110  usbd_core.o(i.USBD_LL_SetupStage)
    USBD_LL_StallEP                          0x080074ad   Thumb Code    38  usbd_conf.o(i.USBD_LL_StallEP)
    USBD_LL_Start                            0x080074d3   Thumb Code    30  usbd_conf.o(i.USBD_LL_Start)
    USBD_LL_Suspend                          0x080074f1   Thumb Code    20  usbd_core.o(i.USBD_LL_Suspend)
    USBD_LL_Transmit                         0x08007505   Thumb Code    48  usbd_conf.o(i.USBD_LL_Transmit)
    USBD_ParseSetupRequest                   0x08007535   Thumb Code    40  usbd_ctlreq.o(i.USBD_ParseSetupRequest)
    USBD_RegisterClass                       0x0800755d   Thumb Code    16  usbd_core.o(i.USBD_RegisterClass)
    USBD_RunTestMode                         0x0800756d   Thumb Code     6  usbd_core.o(i.USBD_RunTestMode)
    USBD_SetClassConfig                      0x080075cd   Thumb Code    34  usbd_core.o(i.USBD_SetClassConfig)
    USBD_Start                               0x080076f1   Thumb Code    14  usbd_core.o(i.USBD_Start)
    USBD_StdDevReq                           0x080076ff   Thumb Code   162  usbd_ctlreq.o(i.USBD_StdDevReq)
    USBD_StdEPReq                            0x080077a1   Thumb Code   568  usbd_ctlreq.o(i.USBD_StdEPReq)
    USBD_StdItfReq                           0x080079d9   Thumb Code   126  usbd_ctlreq.o(i.USBD_StdItfReq)
    USBD_static_free                         0x08007a57   Thumb Code     2  usbd_conf.o(i.USBD_static_free)
    USBD_static_malloc                       0x08007a59   Thumb Code     6  usbd_conf.o(i.USBD_static_malloc)
    USB_ActivateEndpoint                     0x08007a65   Thumb Code  1174  stm32f1xx_ll_usb.o(i.USB_ActivateEndpoint)
    USB_CoreInit                             0x08007efb   Thumb Code     8  stm32f1xx_ll_usb.o(i.USB_CoreInit)
    USB_DeactivateEndpoint                   0x08007f03   Thumb Code   636  stm32f1xx_ll_usb.o(i.USB_DeactivateEndpoint)
    USB_DevConnect                           0x0800817f   Thumb Code     6  stm32f1xx_ll_usb.o(i.USB_DevConnect)
    USB_DevDisconnect                        0x08008185   Thumb Code     6  stm32f1xx_ll_usb.o(i.USB_DevDisconnect)
    USB_DevInit                              0x0800818b   Thumb Code    30  stm32f1xx_ll_usb.o(i.USB_DevInit)
    USB_DisableGlobalInt                     0x080081a9   Thumb Code    20  stm32f1xx_ll_usb.o(i.USB_DisableGlobalInt)
    USB_EP0_OutStart                         0x080081bd   Thumb Code     6  stm32f1xx_ll_usb.o(i.USB_EP0_OutStart)
    USB_EPClearStall                         0x080081c3   Thumb Code   218  stm32f1xx_ll_usb.o(i.USB_EPClearStall)
    USB_EPSetStall                           0x0800829d   Thumb Code    92  stm32f1xx_ll_usb.o(i.USB_EPSetStall)
    USB_EPStartXfer                          0x080082f9   Thumb Code  1108  stm32f1xx_ll_usb.o(i.USB_EPStartXfer)
    USB_EnableGlobalInt                      0x0800874d   Thumb Code    20  stm32f1xx_ll_usb.o(i.USB_EnableGlobalInt)
    USB_HP_CAN1_TX_IRQHandler                0x08008761   Thumb Code    10  stm32f1xx_it.o(i.USB_HP_CAN1_TX_IRQHandler)
    USB_LP_CAN1_RX0_IRQHandler               0x08008771   Thumb Code    10  stm32f1xx_it.o(i.USB_LP_CAN1_RX0_IRQHandler)
    USB_ReadInterrupts                       0x08008781   Thumb Code     8  stm32f1xx_ll_usb.o(i.USB_ReadInterrupts)
    USB_ReadPMA                              0x08008789   Thumb Code    74  stm32f1xx_ll_usb.o(i.USB_ReadPMA)
    USB_SetCurrentMode                       0x080087d3   Thumb Code     6  stm32f1xx_ll_usb.o(i.USB_SetCurrentMode)
    USB_SetDevAddress                        0x080087d9   Thumb Code    14  stm32f1xx_ll_usb.o(i.USB_SetDevAddress)
    USB_WritePMA                             0x080087e7   Thumb Code    66  stm32f1xx_ll_usb.o(i.USB_WritePMA)
    Uart_OSC_Output_Data                     0x08008829   Thumb Code   136  uart_osc.o(i.Uart_OSC_Output_Data)
    Uart_OSC_ShowWave                        0x080088b9   Thumb Code    38  uart_osc.o(i.Uart_OSC_ShowWave)
    Uart_RxIDLE_Handler                      0x080088e5   Thumb Code   348  uart_dma.o(i.Uart_RxIDLE_Handler)
    Uart_Rx_Data_Start                       0x08008a45   Thumb Code   160  uart_dma.o(i.Uart_Rx_Data_Start)
    UsageFault_Handler                       0x08008ae9   Thumb Code     4  stm32f1xx_it.o(i.UsageFault_Handler)
    UserTask                                 0x08008aed   Thumb Code   134  balance_car.o(i.UserTask)
    __0printf$5                              0x08008b89   Thumb Code    22  printf5.o(i.__0printf$5)
    __1printf$5                              0x08008b89   Thumb Code     0  printf5.o(i.__0printf$5)
    __2printf                                0x08008b89   Thumb Code     0  printf5.o(i.__0printf$5)
    __ARM_fpclassify                         0x08008ba9   Thumb Code    40  fpclassify.o(i.__ARM_fpclassify)
    __kernel_poly                            0x08008c09   Thumb Code   170  poly.o(i.__kernel_poly)
    __mathlib_dbl_infnan                     0x08008cb3   Thumb Code     6  dunder.o(i.__mathlib_dbl_infnan)
    __mathlib_dbl_infnan2                    0x08008cb9   Thumb Code     4  dunder.o(i.__mathlib_dbl_infnan2)
    __mathlib_dbl_underflow                  0x08008cbd   Thumb Code    10  dunder.o(i.__mathlib_dbl_underflow)
    __scatterload_copy                       0x08008ccd   Thumb Code    14  handlers.o(i.__scatterload_copy)
    __scatterload_null                       0x08008cdb   Thumb Code     2  handlers.o(i.__scatterload_null)
    __scatterload_zeroinit                   0x08008cdd   Thumb Code    14  handlers.o(i.__scatterload_zeroinit)
    atan                                     0x08008fad   Thumb Code   474  atan.o(i.atan)
    atan2                                    0x080091cd   Thumb Code   346  atan2.o(i.atan2)
    dot_matrix_init                          0x0800934d   Thumb Code   204  dot_matrix.o(i.dot_matrix_init)
    fputc                                    0x08009429   Thumb Code    22  balance_car.o(i.fputc)
    left_backward                            0x08009445   Thumb Code    50  moto_ctrl.o(i.left_backward)
    left_forward                             0x08009485   Thumb Code    50  moto_ctrl.o(i.left_forward)
    main                                     0x080094c5   Thumb Code   118  main.o(i.main)
    right_backward                           0x08009555   Thumb Code    50  moto_ctrl.o(i.right_backward)
    right_forward                            0x08009595   Thumb Code    50  moto_ctrl.o(i.right_forward)
    show_dot_matrix                          0x080095d5   Thumb Code   188  dot_matrix.o(i.show_dot_matrix)
    turn                                     0x080096ad   Thumb Code   102  moto_ctrl.o(i.turn)
    velocity                                 0x08009729   Thumb Code   292  moto_ctrl.o(i.velocity)
    xunji                                    0x0800988d   Thumb Code   248  moto_ctrl.o(i.xunji)
    AHBPrescTable                            0x080099d5   Data          16  system_stm32f1xx.o(.constdata)
    APBPrescTable                            0x080099e5   Data           8  system_stm32f1xx.o(.constdata)
    __mathlib_zero                           0x08009a88   Data           8  qnan.o(.constdata)
    Region$$Table$$Base                      0x08009a90   Number         0  anon$$obj.o(Region$$Table)
    Region$$Table$$Limit                     0x08009ab0   Number         0  anon$$obj.o(Region$$Table)
    g_SysMode                                0x20000000   Data           4  balance_car.o(.data)
    g_sys_mode                               0x20000040   Data           1  dot_matrix.o(.data)
    g_dot_start                              0x20000041   Data           1  dot_matrix.o(.data)
    g_dot_cnt                                0x20000042   Data           2  dot_matrix.o(.data)
    g_ShowData                               0x20000044   Data          51  dot_matrix.o(.data)
    my_angle                                 0x20000078   Data           4  moto_ctrl.o(.data)
    PWM                                      0x2000007c   Data           2  moto_ctrl.o(.data)
    ctrl                                     0x20000080   Data           4  moto_ctrl.o(.data)
    i_stop                                   0x20000084   Data           4  moto_ctrl.o(.data)
    pwm_Velocity                             0x20000088   Data           4  moto_ctrl.o(.data)
    pwm_Turn                                 0x2000008c   Data           4  moto_ctrl.o(.data)
    pwm_xunji                                0x20000090   Data           4  moto_ctrl.o(.data)
    angle                                    0x20000094   Data           4  moto_ctrl.o(.data)
    Movement                                 0x20000098   Data           4  moto_ctrl.o(.data)
    kp                                       0x2000009c   Data           4  moto_ctrl.o(.data)
    ki                                       0x200000a0   Data           4  moto_ctrl.o(.data)
    g_moto_ctrl                              0x200000a4   Data           6  moto_ctrl.o(.data)
    g_MPU9250_spi                            0x200000c4   Data           4  mpu9250.o(.data)
    g_Uart_OSC_Data                          0x200000c8   Data           8  uart_osc.o(.data)
    g_dev_uart_map                           0x200000d0   Data          16  uart_dma.o(.data)
    g_host_uart_map                          0x200000e0   Data           4  uart_dma.o(.data)
    g_host_sys_uart_map                      0x200000e4   Data           4  uart_dma.o(.data)
    g_host_monitor_uart_map                  0x200000e8   Data           4  uart_dma.o(.data)
    direction                                0x200000ec   Data           1  uart_dma.o(.data)
    g_AsrResult                              0x200000f8   Data           1  ld3320.o(.data)
    g_LD3320_spi                             0x200000fc   Data           4  ld3320.o(.data)
    FS_Desc                                  0x20000100   Data          28  usbd_desc.o(.data)
    USBD_FS_DeviceDesc                       0x2000011c   Data          18  usbd_desc.o(.data)
    USBD_LangIDDesc                          0x20000130   Data           4  usbd_desc.o(.data)
    USBD_StringSerial                        0x20000134   Data          26  usbd_desc.o(.data)
    USBD_Interface_fops_FS                   0x20000150   Data          16  usbd_cdc_if.o(.data)
    uwTick                                   0x20000160   Data           4  stm32f1xx_hal.o(.data)
    uwTickPrio                               0x20000164   Data           4  stm32f1xx_hal.o(.data)
    uwTickFreq                               0x20000168   Data           1  stm32f1xx_hal.o(.data)
    SystemCoreClock                          0x2000016c   Data           4  system_stm32f1xx.o(.data)
    USBD_CDC                                 0x20000180   Data          56  usbd_cdc.o(.data)
    USBD_CDC_CfgHSDesc                       0x200001b8   Data          67  usbd_cdc.o(.data)
    USBD_CDC_CfgFSDesc                       0x200001fc   Data          67  usbd_cdc.o(.data)
    USBD_CDC_OtherSpeedCfgDesc               0x20000240   Data          67  usbd_cdc.o(.data)
    __stdout                                 0x20000284   Data           4  stdout.o(.data)
    SpeedData                                0x20000288   Data          16  balance_car.o(.bss)
    g_mpu9250                                0x200002a8   Data          80  mpu9250.o(.bss)
    g_uart_dma                               0x200002f8   Data        4352  uart_dma.o(.bss)
    hi2c2                                    0x20001478   Data          84  i2c.o(.bss)
    hspi1                                    0x200014cc   Data          88  spi.o(.bss)
    hspi2                                    0x20001524   Data          88  spi.o(.bss)
    hspi3                                    0x2000157c   Data          88  spi.o(.bss)
    htim1                                    0x200015d4   Data          64  tim.o(.bss)
    htim3                                    0x20001614   Data          64  tim.o(.bss)
    htim4                                    0x20001654   Data          64  tim.o(.bss)
    htim6                                    0x20001694   Data          64  tim.o(.bss)
    htim7                                    0x200016d4   Data          64  tim.o(.bss)
    htim8                                    0x20001714   Data          64  tim.o(.bss)
    huart4                                   0x20001754   Data          64  usart.o(.bss)
    huart2                                   0x20001794   Data          64  usart.o(.bss)
    hdma_uart4_rx                            0x200017d4   Data          68  usart.o(.bss)
    hdma_usart2_rx                           0x20001818   Data          68  usart.o(.bss)
    hUsbDeviceFS                             0x2000185c   Data         708  usb_device.o(.bss)
    hpcd_USB_FS                              0x20001b20   Data         620  usbd_conf.o(.bss)
    USBD_StrDesc                             0x20001fac   Data         512  usbd_desc.o(.bss)
    UserRxBufferFS                           0x200021ac   Data        1000  usbd_cdc_if.o(.bss)
    UserTxBufferFS                           0x20002594   Data        1000  usbd_cdc_if.o(.bss)
    __initial_sp                             0x20003980   Data           0  startup_stm32f103xe.o(STACK)



==============================================================================

Memory Map of the image

  Image Entry point : 0x08000131

  Load Region LR_IROM1 (Base: 0x08000000, Size: 0x00009d38, Max: 0x00040000, ABSOLUTE, COMPRESSED[0x00009bb4])

    Execution Region ER_IROM1 (Base: 0x08000000, Size: 0x00009ab0, Max: 0x00040000, ABSOLUTE)

    Base Addr    Size         Type   Attr      Idx    E Section Name        Object

    0x08000000   0x00000130   Data   RO            3    RESET               startup_stm32f103xe.o
    0x08000130   0x00000000   Code   RO         5727  * .ARM.Collect$$$$00000000  mc_w.l(entry.o)
    0x08000130   0x00000004   Code   RO         6052    .ARM.Collect$$$$00000001  mc_w.l(entry2.o)
    0x08000134   0x00000004   Code   RO         6055    .ARM.Collect$$$$00000004  mc_w.l(entry5.o)
    0x08000138   0x00000000   Code   RO         6057    .ARM.Collect$$$$00000008  mc_w.l(entry7b.o)
    0x08000138   0x00000000   Code   RO         6059    .ARM.Collect$$$$0000000A  mc_w.l(entry8b.o)
    0x08000138   0x00000008   Code   RO         6060    .ARM.Collect$$$$0000000B  mc_w.l(entry9a.o)
    0x08000140   0x00000000   Code   RO         6062    .ARM.Collect$$$$0000000D  mc_w.l(entry10a.o)
    0x08000140   0x00000000   Code   RO         6064    .ARM.Collect$$$$0000000F  mc_w.l(entry11a.o)
    0x08000140   0x00000004   Code   RO         6053    .ARM.Collect$$$$00002712  mc_w.l(entry2.o)
    0x08000144   0x00000024   Code   RO            4    .text               startup_stm32f103xe.o
    0x08000168   0x00000020   Code   RO         5730    .text               mc_w.l(llushr.o)
    0x08000188   0x00000024   Code   RO         5732    .text               mc_w.l(memcpya.o)
    0x080001ac   0x00000024   Code   RO         5734    .text               mc_w.l(memseta.o)
    0x080001d0   0x000000b0   Code   RO         5999    .text               mf_w.l(fadd.o)
    0x08000280   0x00000064   Code   RO         6001    .text               mf_w.l(fmul.o)
    0x080002e4   0x0000007c   Code   RO         6003    .text               mf_w.l(fdiv.o)
    0x08000360   0x0000014e   Code   RO         6005    .text               mf_w.l(dadd.o)
    0x080004ae   0x000000e4   Code   RO         6007    .text               mf_w.l(dmul.o)
    0x08000592   0x000000de   Code   RO         6009    .text               mf_w.l(ddiv.o)
    0x08000670   0x00000012   Code   RO         6011    .text               mf_w.l(fflti.o)
    0x08000682   0x00000022   Code   RO         6013    .text               mf_w.l(dflti.o)
    0x080006a4   0x00000032   Code   RO         6015    .text               mf_w.l(ffixi.o)
    0x080006d6   0x0000003e   Code   RO         6017    .text               mf_w.l(dfixi.o)
    0x08000714   0x00000026   Code   RO         6019    .text               mf_w.l(f2d.o)
    0x0800073a   0x00000038   Code   RO         6021    .text               mf_w.l(d2f.o)
    0x08000772   0x00000002   PAD
    0x08000774   0x00000014   Code   RO         6023    .text               mf_w.l(cfcmple.o)
    0x08000788   0x00000014   Code   RO         6025    .text               mf_w.l(cfrcmple.o)
    0x0800079c   0x00000062   Code   RO         6069    .text               mc_w.l(uldiv.o)
    0x080007fe   0x0000001e   Code   RO         6071    .text               mc_w.l(llshl.o)
    0x0800081c   0x00000024   Code   RO         6073    .text               mc_w.l(llsshr.o)
    0x08000840   0x00000000   Code   RO         6082    .text               mc_w.l(iusefp.o)
    0x08000840   0x0000006e   Code   RO         6083    .text               mf_w.l(fepilogue.o)
    0x080008ae   0x000000ba   Code   RO         6085    .text               mf_w.l(depilogue.o)
    0x08000968   0x00000024   Code   RO         6095    .text               mc_w.l(init.o)
    0x0800098c   0x0000002e   Code   RO         6097    .text               mf_w.l(dscalb.o)
    0x080009ba   0x00000056   Code   RO         6107    .text               mc_w.l(__dczerorl2.o)
    0x08000a10   0x00000004   Code   RO         1582    i.BusFault_Handler  stm32f1xx_it.o
    0x08000a14   0x00000044   Code   RO         1530    i.CDC_Control_FS    usbd_cdc_if.o
    0x08000a58   0x00000004   Code   RO         1531    i.CDC_DeInit_FS     usbd_cdc_if.o
    0x08000a5c   0x00000024   Code   RO         1532    i.CDC_Init_FS       usbd_cdc_if.o
    0x08000a80   0x0000001c   Code   RO         1533    i.CDC_Receive_FS    usbd_cdc_if.o
    0x08000a9c   0x0000003a   Code   RO          508    i.CRC_CHECK         uart_osc.o
    0x08000ad6   0x00000002   PAD
    0x08000ad8   0x000002c0   Code   RO          547    i.CheckUartReceivedData  uart_dma.o
    0x08000d98   0x00000088   Code   RO           14    i.Complementary_Filter_1st_Order  balance_car.o
    0x08000e20   0x00000010   Code   RO         1583    i.DMA1_Channel6_IRQHandler  stm32f1xx_it.o
    0x08000e30   0x00000010   Code   RO         1584    i.DMA2_Channel3_IRQHandler  stm32f1xx_it.o
    0x08000e40   0x0000002c   Code   RO         4664    i.DMA_SetConfig     stm32f1xx_hal_dma.o
    0x08000e6c   0x00000002   Code   RO         1585    i.DebugMon_Handler  stm32f1xx_it.o
    0x08000e6e   0x0000000a   Code   RO         1586    i.EXTI4_IRQHandler  stm32f1xx_it.o
    0x08000e78   0x00000034   Code   RO          730    i.EnableBT          bt_uart.o
    0x08000eac   0x00000002   Code   RO          870    i.Error_Handler     main.o
    0x08000eae   0x00000002   PAD
    0x08000eb0   0x00000060   Code   RO           16    i.Get_IR_Sensor     balance_car.o
    0x08000f10   0x00000034   Code   RO         1453    i.Get_SerialNum     usbd_desc.o
    0x08000f44   0x00000056   Code   RO         4665    i.HAL_DMA_Abort     stm32f1xx_hal_dma.o
    0x08000f9a   0x00000002   PAD
    0x08000f9c   0x000001a8   Code   RO         4666    i.HAL_DMA_Abort_IT  stm32f1xx_hal_dma.o
    0x08001144   0x00000398   Code   RO         4670    i.HAL_DMA_IRQHandler  stm32f1xx_hal_dma.o
    0x080014dc   0x0000008c   Code   RO         4671    i.HAL_DMA_Init      stm32f1xx_hal_dma.o
    0x08001568   0x0000009c   Code   RO         4675    i.HAL_DMA_Start_IT  stm32f1xx_hal_dma.o
    0x08001604   0x00000028   Code   RO         4288    i.HAL_Delay         stm32f1xx_hal.o
    0x0800162c   0x00000154   Code   RO         4598    i.HAL_GPIO_DeInit   stm32f1xx_hal_gpio.o
    0x08001780   0x00000012   Code   RO          767    i.HAL_GPIO_EXTI_Callback  ld3320.o
    0x08001792   0x00000002   PAD
    0x08001794   0x0000001c   Code   RO         4600    i.HAL_GPIO_EXTI_IRQHandler  stm32f1xx_hal_gpio.o
    0x080017b0   0x00000340   Code   RO         4601    i.HAL_GPIO_Init     stm32f1xx_hal_gpio.o
    0x08001af0   0x00000010   Code   RO         4603    i.HAL_GPIO_ReadPin  stm32f1xx_hal_gpio.o
    0x08001b00   0x0000000e   Code   RO         4604    i.HAL_GPIO_TogglePin  stm32f1xx_hal_gpio.o
    0x08001b0e   0x0000000c   Code   RO         4605    i.HAL_GPIO_WritePin  stm32f1xx_hal_gpio.o
    0x08001b1a   0x00000002   PAD
    0x08001b1c   0x0000000c   Code   RO         4292    i.HAL_GetTick       stm32f1xx_hal.o
    0x08001b28   0x000001b8   Code   RO         2238    i.HAL_I2C_Init      stm32f1xx_hal_i2c.o
    0x08001ce0   0x00000078   Code   RO          965    i.HAL_I2C_MspInit   i2c.o
    0x08001d58   0x00000018   Code   RO         4298    i.HAL_IncTick       stm32f1xx_hal.o
    0x08001d70   0x00000028   Code   RO         4299    i.HAL_Init          stm32f1xx_hal.o
    0x08001d98   0x0000004c   Code   RO         4300    i.HAL_InitTick      stm32f1xx_hal.o
    0x08001de4   0x00000054   Code   RO         1712    i.HAL_MspInit       stm32f1xx_hal_msp.o
    0x08001e38   0x00000020   Code   RO         4761    i.HAL_NVIC_EnableIRQ  stm32f1xx_hal_cortex.o
    0x08001e58   0x0000007c   Code   RO         4767    i.HAL_NVIC_SetPriority  stm32f1xx_hal_cortex.o
    0x08001ed4   0x00000028   Code   RO         4768    i.HAL_NVIC_SetPriorityGrouping  stm32f1xx_hal_cortex.o
    0x08001efc   0x0000003c   Code   RO         1989    i.HAL_PCDEx_PMAConfig  stm32f1xx_hal_pcd_ex.o
    0x08001f38   0x00000002   Code   RO         1241    i.HAL_PCDEx_SetConnectionState  usbd_conf.o
    0x08001f3a   0x0000001c   Code   RO         1243    i.HAL_PCD_DataInStageCallback  usbd_conf.o
    0x08001f56   0x0000001c   Code   RO         1244    i.HAL_PCD_DataOutStageCallback  usbd_conf.o
    0x08001f72   0x00000062   Code   RO         1781    i.HAL_PCD_EP_Close  stm32f1xx_hal_pcd.o
    0x08001fd4   0x00000074   Code   RO         1782    i.HAL_PCD_EP_ClrStall  stm32f1xx_hal_pcd.o
    0x08002048   0x00000012   Code   RO         1784    i.HAL_PCD_EP_GetRxCount  stm32f1xx_hal_pcd.o
    0x0800205a   0x00000084   Code   RO         1785    i.HAL_PCD_EP_Open   stm32f1xx_hal_pcd.o
    0x080020de   0x00000048   Code   RO         1786    i.HAL_PCD_EP_Receive  stm32f1xx_hal_pcd.o
    0x08002126   0x00000080   Code   RO         1787    i.HAL_PCD_EP_SetStall  stm32f1xx_hal_pcd.o
    0x080021a6   0x0000004a   Code   RO         1788    i.HAL_PCD_EP_Transmit  stm32f1xx_hal_pcd.o
    0x080021f0   0x00000180   Code   RO         1790    i.HAL_PCD_IRQHandler  stm32f1xx_hal_pcd.o
    0x08002370   0x0000012e   Code   RO         1793    i.HAL_PCD_Init      stm32f1xx_hal_pcd.o
    0x0800249e   0x00000002   PAD
    0x080024a0   0x00000054   Code   RO         1249    i.HAL_PCD_MspInit   usbd_conf.o
    0x080024f4   0x00000024   Code   RO         1250    i.HAL_PCD_ResetCallback  usbd_conf.o
    0x08002518   0x0000000e   Code   RO         1251    i.HAL_PCD_ResumeCallback  usbd_conf.o
    0x08002526   0x0000000e   Code   RO         1252    i.HAL_PCD_SOFCallback  usbd_conf.o
    0x08002534   0x00000036   Code   RO         1799    i.HAL_PCD_SetAddress  stm32f1xx_hal_pcd.o
    0x0800256a   0x00000012   Code   RO         1253    i.HAL_PCD_SetupStageCallback  usbd_conf.o
    0x0800257c   0x0000003c   Code   RO         1801    i.HAL_PCD_Start     stm32f1xx_hal_pcd.o
    0x080025b8   0x00000024   Code   RO         1254    i.HAL_PCD_SuspendCallback  usbd_conf.o
    0x080025dc   0x00000028   Code   RO         4894    i.HAL_PWR_EnterSTANDBYMode  stm32f1xx_hal_pwr.o
    0x08002604   0x00000130   Code   RO         4564    i.HAL_RCCEx_PeriphCLKConfig  stm32f1xx_hal_rcc_ex.o
    0x08002734   0x0000018c   Code   RO         4456    i.HAL_RCC_ClockConfig  stm32f1xx_hal_rcc.o
    0x080028c0   0x0000000c   Code   RO         4461    i.HAL_RCC_GetHCLKFreq  stm32f1xx_hal_rcc.o
    0x080028cc   0x00000020   Code   RO         4463    i.HAL_RCC_GetPCLK1Freq  stm32f1xx_hal_rcc.o
    0x080028ec   0x00000020   Code   RO         4464    i.HAL_RCC_GetPCLK2Freq  stm32f1xx_hal_rcc.o
    0x0800290c   0x00000094   Code   RO         4465    i.HAL_RCC_GetSysClockFreq  stm32f1xx_hal_rcc.o
    0x080029a0   0x00000464   Code   RO         4468    i.HAL_RCC_OscConfig  stm32f1xx_hal_rcc.o
    0x08002e04   0x00000088   Code   RO         2700    i.HAL_SPI_Init      stm32f1xx_hal_spi.o
    0x08002e8c   0x00000078   Code   RO         1006    i.HAL_SPI_MspDeInit  spi.o
    0x08002f04   0x00000150   Code   RO         1007    i.HAL_SPI_MspInit   spi.o
    0x08003054   0x00000164   Code   RO         2703    i.HAL_SPI_Receive   stm32f1xx_hal_spi.o
    0x080031b8   0x000001a2   Code   RO         2708    i.HAL_SPI_Transmit  stm32f1xx_hal_spi.o
    0x0800335a   0x0000022a   Code   RO         2709    i.HAL_SPI_TransmitReceive  stm32f1xx_hal_spi.o
    0x08003584   0x00000034   Code   RO         4772    i.HAL_SYSTICK_Config  stm32f1xx_hal_cortex.o
    0x080035b8   0x00000002   Code   RO         3699    i.HAL_TIMEx_BreakCallback  stm32f1xx_hal_tim_ex.o
    0x080035ba   0x00000002   Code   RO         3700    i.HAL_TIMEx_CommutCallback  stm32f1xx_hal_tim_ex.o
    0x080035bc   0x00000074   Code   RO         3702    i.HAL_TIMEx_ConfigBreakDeadTime  stm32f1xx_hal_tim_ex.o
    0x08003630   0x00000054   Code   RO         3717    i.HAL_TIMEx_MasterConfigSynchronization  stm32f1xx_hal_tim_ex.o
    0x08003684   0x00000034   Code   RO         3013    i.HAL_TIM_Base_Init  stm32f1xx_hal_tim.o
    0x080036b8   0x0000007c   Code   RO         1061    i.HAL_TIM_Base_MspInit  tim.o
    0x08003734   0x0000002a   Code   RO         3018    i.HAL_TIM_Base_Start_IT  stm32f1xx_hal_tim.o
    0x0800375e   0x00000038   Code   RO         3021    i.HAL_TIM_Base_Stop_IT  stm32f1xx_hal_tim.o
    0x08003796   0x000000aa   Code   RO         3031    i.HAL_TIM_Encoder_Init  stm32f1xx_hal_tim.o
    0x08003840   0x000000e8   Code   RO         1063    i.HAL_TIM_Encoder_MspInit  tim.o
    0x08003928   0x0000004e   Code   RO         3034    i.HAL_TIM_Encoder_Start  stm32f1xx_hal_tim.o
    0x08003976   0x00000068   Code   RO         3037    i.HAL_TIM_Encoder_Stop  stm32f1xx_hal_tim.o
    0x080039de   0x00000002   Code   RO         3042    i.HAL_TIM_IC_CaptureCallback  stm32f1xx_hal_tim.o
    0x080039e0   0x00000196   Code   RO         3056    i.HAL_TIM_IRQHandler  stm32f1xx_hal_tim.o
    0x08003b76   0x00000002   PAD
    0x08003b78   0x0000009c   Code   RO         1064    i.HAL_TIM_MspPostInit  tim.o
    0x08003c14   0x00000002   Code   RO         3059    i.HAL_TIM_OC_DelayElapsedCallback  stm32f1xx_hal_tim.o
    0x08003c16   0x00000108   Code   RO         3080    i.HAL_TIM_PWM_ConfigChannel  stm32f1xx_hal_tim.o
    0x08003d1e   0x00000034   Code   RO         3083    i.HAL_TIM_PWM_Init  stm32f1xx_hal_tim.o
    0x08003d52   0x00000002   PAD
    0x08003d54   0x00000038   Code   RO         1065    i.HAL_TIM_PWM_MspDeInit  tim.o
    0x08003d8c   0x00000058   Code   RO         1066    i.HAL_TIM_PWM_MspInit  tim.o
    0x08003de4   0x00000002   Code   RO         3086    i.HAL_TIM_PWM_PulseFinishedCallback  stm32f1xx_hal_tim.o
    0x08003de6   0x00000002   PAD
    0x08003de8   0x00000058   Code   RO         3088    i.HAL_TIM_PWM_Start  stm32f1xx_hal_tim.o
    0x08003e40   0x00000088   Code   RO         3091    i.HAL_TIM_PWM_Stop  stm32f1xx_hal_tim.o
    0x08003ec8   0x000000c8   Code   RO           17    i.HAL_TIM_PeriodElapsedCallback  balance_car.o
    0x08003f90   0x00000002   Code   RO         3099    i.HAL_TIM_TriggerCallback  stm32f1xx_hal_tim.o
    0x08003f92   0x00000066   Code   RO         3969    i.HAL_UART_DMAStop  stm32f1xx_hal_uart.o
    0x08003ff8   0x00000058   Code   RO          548    i.HAL_UART_ErrorCallback  uart_dma.o
    0x08004050   0x00000014   Code   RO         3973    i.HAL_UART_GetState  stm32f1xx_hal_uart.o
    0x08004064   0x0000014c   Code   RO         3974    i.HAL_UART_IRQHandler  stm32f1xx_hal_uart.o
    0x080041b0   0x00000072   Code   RO         3975    i.HAL_UART_Init     stm32f1xx_hal_uart.o
    0x08004222   0x00000002   PAD
    0x08004224   0x00000188   Code   RO         1163    i.HAL_UART_MspInit  usart.o
    0x080043ac   0x000000c4   Code   RO         3979    i.HAL_UART_Receive_DMA  stm32f1xx_hal_uart.o
    0x08004470   0x00000124   Code   RO          549    i.HAL_UART_RxCpltCallback  uart_dma.o
    0x08004594   0x00000002   Code   RO         3982    i.HAL_UART_RxHalfCpltCallback  stm32f1xx_hal_uart.o
    0x08004596   0x000000d6   Code   RO         3983    i.HAL_UART_Transmit  stm32f1xx_hal_uart.o
    0x0800466c   0x00000002   Code   RO         3986    i.HAL_UART_TxCpltCallback  stm32f1xx_hal_uart.o
    0x0800466e   0x00000004   Code   RO         1587    i.HardFault_Handler  stm32f1xx_it.o
    0x08004672   0x00000002   PAD
    0x08004674   0x000000c4   Code   RO           18    i.IR_Sensor_Init    balance_car.o
    0x08004738   0x00000014   Code   RO           19    i.InitSpeedAndDistance  balance_car.o
    0x0800474c   0x0000003e   Code   RO         1454    i.IntToUnicode      usbd_desc.o
    0x0800478a   0x00000002   PAD
    0x0800478c   0x000000bc   Code   RO          768    i.LD3320_AsrAddFixed  ld3320.o
    0x08004848   0x00000072   Code   RO          769    i.LD3320_AsrRun     ld3320.o
    0x080048ba   0x00000008   Code   RO          770    i.LD3320_AsrStart   ld3320.o
    0x080048c2   0x00000032   Code   RO          771    i.LD3320_Check_ASRBusyFlag_b2  ld3320.o
    0x080048f4   0x0000006c   Code   RO          773    i.LD3320_Init_ASR   ld3320.o
    0x08004960   0x000000a2   Code   RO          774    i.LD3320_Init_Common  ld3320.o
    0x08004a02   0x00000002   PAD
    0x08004a04   0x000000ac   Code   RO          775    i.LD3320_Int        ld3320.o
    0x08004ab0   0x00000034   Code   RO          776    i.LD3320_Power      ld3320.o
    0x08004ae4   0x00000058   Code   RO          777    i.LD3320_Reg_Read   ld3320.o
    0x08004b3c   0x00000048   Code   RO          778    i.LD3320_Reg_Write  ld3320.o
    0x08004b84   0x000000a8   Code   RO           21    i.LEDCtrl           balance_car.o
    0x08004c2c   0x00000080   Code   RO          438    i.MPU9250_Data_Process  mpu9250.o
    0x08004cac   0x00000026   Code   RO          439    i.MPU9250_Data_Read  mpu9250.o
    0x08004cd2   0x00000002   PAD
    0x08004cd4   0x0000003c   Code   RO          440    i.MPU9250_Get_Accel_Gyro_Temp  mpu9250.o
    0x08004d10   0x000000ec   Code   RO          442    i.MPU9250_Init      mpu9250.o
    0x08004dfc   0x00000054   Code   RO          443    i.MPU9250_Mem_Read  mpu9250.o
    0x08004e50   0x00000044   Code   RO          444    i.MPU9250_Mem_Write  mpu9250.o
    0x08004e94   0x00000060   Code   RO          940    i.MX_DMA_Init       dma.o
    0x08004ef4   0x00000188   Code   RO          916    i.MX_GPIO_Init      gpio.o
    0x0800507c   0x0000003c   Code   RO          966    i.MX_I2C2_Init      i2c.o
    0x080050b8   0x00000044   Code   RO         1008    i.MX_SPI1_Init      spi.o
    0x080050fc   0x00000044   Code   RO         1009    i.MX_SPI2_Init      spi.o
    0x08005140   0x0000004c   Code   RO         1010    i.MX_SPI3_Init      spi.o
    0x0800518c   0x0000007c   Code   RO         1067    i.MX_TIM1_Init      tim.o
    0x08005208   0x0000007c   Code   RO         1068    i.MX_TIM3_Init      tim.o
    0x08005284   0x000000a4   Code   RO         1069    i.MX_TIM4_Init      tim.o
    0x08005328   0x0000004c   Code   RO         1070    i.MX_TIM6_Init      tim.o
    0x08005374   0x0000004c   Code   RO         1071    i.MX_TIM7_Init      tim.o
    0x080053c0   0x000000c0   Code   RO         1072    i.MX_TIM8_Init      tim.o
    0x08005480   0x00000038   Code   RO         1164    i.MX_UART4_Init     usart.o
    0x080054b8   0x00000038   Code   RO         1165    i.MX_USART2_UART_Init  usart.o
    0x080054f0   0x0000004c   Code   RO         1210    i.MX_USB_DEVICE_Init  usb_device.o
    0x0800553c   0x00000004   Code   RO         1588    i.MemManage_Handler  stm32f1xx_it.o
    0x08005540   0x00000144   Code   RO          324    i.Moto_Balance_PID_Ctrl  moto_ctrl.o
    0x08005684   0x00000044   Code   RO          326    i.Motor_Stop        moto_ctrl.o
    0x080056c8   0x0000000c   Code   RO          550    i.MyPID             uart_dma.o
    0x080056d4   0x00000002   Code   RO         1589    i.NMI_Handler       stm32f1xx_it.o
    0x080056d6   0x00000398   Code   RO         1804    i.PCD_EP_ISR_Handler  stm32f1xx_hal_pcd.o
    0x08005a6e   0x00000002   Code   RO         1590    i.PendSV_Handler    stm32f1xx_it.o
    0x08005a70   0x00000028   Code   RO         4469    i.RCC_Delay         stm32f1xx_hal_rcc.o
    0x08005a98   0x00000054   Code   RO           22    i.ReadUserButton0   balance_car.o
    0x08005aec   0x00000054   Code   RO           23    i.ReadUserButton1   balance_car.o
    0x08005b40   0x0000006c   Code   RO          779    i.RunASR            ld3320.o
    0x08005bac   0x00000078   Code   RO         2737    i.SPI_EndRxTransaction  stm32f1xx_hal_spi.o
    0x08005c24   0x00000028   Code   RO         2738    i.SPI_EndRxTxTransaction  stm32f1xx_hal_spi.o
    0x08005c4c   0x000000a8   Code   RO         2743    i.SPI_WaitFlagStateUntilTimeout  stm32f1xx_hal_spi.o
    0x08005cf4   0x00000002   Code   RO         1591    i.SVC_Handler       stm32f1xx_it.o
    0x08005cf6   0x00000002   PAD
    0x08005cf8   0x00000048   Code   RO          552    i.SendToDeviceUart  uart_dma.o
    0x08005d40   0x00000030   Code   RO          553    i.SendUartDataToUART  uart_dma.o
    0x08005d70   0x00000098   Code   RO           24    i.SetWorkMode       balance_car.o
    0x08005e08   0x00000074   Code   RO          554    i.StartAllUartDMAReceive  uart_dma.o
    0x08005e7c   0x0000003c   Code   RO           26    i.StartMeasureSpeed  balance_car.o
    0x08005eb8   0x0000003c   Code   RO           27    i.StopMeasureSpeed  balance_car.o
    0x08005ef4   0x00000008   Code   RO         1592    i.SysTick_Handler   stm32f1xx_it.o
    0x08005efc   0x00000082   Code   RO          871    i.SystemClock_Config  main.o
    0x08005f7e   0x00000002   PAD
    0x08005f80   0x00000058   Code   RO         5288    i.SystemInit        system_stm32f1xx.o
    0x08005fd8   0x00000088   Code   RO           29    i.SystemTimer1msCallback  balance_car.o
    0x08006060   0x00000010   Code   RO         1593    i.TIM6_IRQHandler   stm32f1xx_it.o
    0x08006070   0x00000010   Code   RO         1594    i.TIM7_IRQHandler   stm32f1xx_it.o
    0x08006080   0x0000009c   Code   RO         3101    i.TIM_Base_SetConfig  stm32f1xx_hal_tim.o
    0x0800611c   0x00000022   Code   RO         3102    i.TIM_CCxChannelCmd  stm32f1xx_hal_tim.o
    0x0800613e   0x00000002   PAD
    0x08006140   0x00000070   Code   RO         3114    i.TIM_OC1_SetConfig  stm32f1xx_hal_tim.o
    0x080061b0   0x0000007c   Code   RO         3115    i.TIM_OC2_SetConfig  stm32f1xx_hal_tim.o
    0x0800622c   0x00000078   Code   RO         3116    i.TIM_OC3_SetConfig  stm32f1xx_hal_tim.o
    0x080062a4   0x00000054   Code   RO         3117    i.TIM_OC4_SetConfig  stm32f1xx_hal_tim.o
    0x080062f8   0x00000004   Code   RO          327    i.TIM_SetCompare3   moto_ctrl.o
    0x080062fc   0x00000004   Code   RO          328    i.TIM_SetCompare4   moto_ctrl.o
    0x08006300   0x00000014   Code   RO         1595    i.UART4_IRQHandler  stm32f1xx_it.o
    0x08006314   0x00000014   Code   RO         3988    i.UART_DMAAbortOnError  stm32f1xx_hal_uart.o
    0x08006328   0x00000050   Code   RO         3989    i.UART_DMAError     stm32f1xx_hal_uart.o
    0x08006378   0x00000046   Code   RO         3990    i.UART_DMAReceiveCplt  stm32f1xx_hal_uart.o
    0x080063be   0x0000000e   Code   RO         3992    i.UART_DMARxHalfCplt  stm32f1xx_hal_uart.o
    0x080063cc   0x00000020   Code   RO         3998    i.UART_EndRxTransfer  stm32f1xx_hal_uart.o
    0x080063ec   0x00000020   Code   RO         3999    i.UART_EndTransmit_IT  stm32f1xx_hal_uart.o
    0x0800640c   0x00000014   Code   RO         4000    i.UART_EndTxTransfer  stm32f1xx_hal_uart.o
    0x08006420   0x000000a6   Code   RO         4001    i.UART_Receive_IT   stm32f1xx_hal_uart.o
    0x080064c6   0x00000002   PAD
    0x080064c8   0x000001a0   Code   RO         4002    i.UART_SetConfig    stm32f1xx_hal_uart.o
    0x08006668   0x00000068   Code   RO         4003    i.UART_Transmit_IT  stm32f1xx_hal_uart.o
    0x080066d0   0x0000006c   Code   RO         4004    i.UART_WaitOnFlagUntilTimeout  stm32f1xx_hal_uart.o
    0x0800673c   0x00000014   Code   RO         1596    i.USART2_IRQHandler  stm32f1xx_it.o
    0x08006750   0x00000076   Code   RO         5617    i.USBD_CDC_DataIn   usbd_cdc.o
    0x080067c6   0x00000034   Code   RO         5618    i.USBD_CDC_DataOut  usbd_cdc.o
    0x080067fa   0x0000004e   Code   RO         5619    i.USBD_CDC_DeInit   usbd_cdc.o
    0x08006848   0x00000032   Code   RO         5620    i.USBD_CDC_EP0_RxReady  usbd_cdc.o
    0x0800687a   0x00000002   PAD
    0x0800687c   0x00000010   Code   RO         5621    i.USBD_CDC_GetDeviceQualifierDescriptor  usbd_cdc.o
    0x0800688c   0x00000010   Code   RO         5622    i.USBD_CDC_GetFSCfgDesc  usbd_cdc.o
    0x0800689c   0x00000010   Code   RO         5623    i.USBD_CDC_GetHSCfgDesc  usbd_cdc.o
    0x080068ac   0x00000010   Code   RO         5624    i.USBD_CDC_GetOtherSpeedCfgDesc  usbd_cdc.o
    0x080068bc   0x000000b8   Code   RO         5625    i.USBD_CDC_Init     usbd_cdc.o
    0x08006974   0x0000003a   Code   RO         5626    i.USBD_CDC_ReceivePacket  usbd_cdc.o
    0x080069ae   0x0000000e   Code   RO         5627    i.USBD_CDC_RegisterInterface  usbd_cdc.o
    0x080069bc   0x0000000e   Code   RO         5628    i.USBD_CDC_SetRxBuffer  usbd_cdc.o
    0x080069ca   0x00000014   Code   RO         5629    i.USBD_CDC_SetTxBuffer  usbd_cdc.o
    0x080069de   0x000000f4   Code   RO         5630    i.USBD_CDC_Setup    usbd_cdc.o
    0x08006ad2   0x00000016   Code   RO         5324    i.USBD_ClrClassConfig  usbd_core.o
    0x08006ae8   0x0000003e   Code   RO         5462    i.USBD_ClrFeature   usbd_ctlreq.o
    0x08006b26   0x00000018   Code   RO         5557    i.USBD_CtlContinueRx  usbd_ioreq.o
    0x08006b3e   0x00000018   Code   RO         5558    i.USBD_CtlContinueSendData  usbd_ioreq.o
    0x08006b56   0x00000018   Code   RO         5463    i.USBD_CtlError     usbd_ctlreq.o
    0x08006b6e   0x00000028   Code   RO         5559    i.USBD_CtlPrepareRx  usbd_ioreq.o
    0x08006b96   0x0000001a   Code   RO         5560    i.USBD_CtlReceiveStatus  usbd_ioreq.o
    0x08006bb0   0x00000022   Code   RO         5561    i.USBD_CtlSendData  usbd_ioreq.o
    0x08006bd2   0x0000001a   Code   RO         5562    i.USBD_CtlSendStatus  usbd_ioreq.o
    0x08006bec   0x00000034   Code   RO         1455    i.USBD_FS_ConfigStrDescriptor  usbd_desc.o
    0x08006c20   0x00000010   Code   RO         1456    i.USBD_FS_DeviceDescriptor  usbd_desc.o
    0x08006c30   0x00000038   Code   RO         1457    i.USBD_FS_InterfaceStrDescriptor  usbd_desc.o
    0x08006c68   0x00000010   Code   RO         1458    i.USBD_FS_LangIDStrDescriptor  usbd_desc.o
    0x08006c78   0x0000002c   Code   RO         1459    i.USBD_FS_ManufacturerStrDescriptor  usbd_desc.o
    0x08006ca4   0x00000040   Code   RO         1460    i.USBD_FS_ProductStrDescriptor  usbd_desc.o
    0x08006ce4   0x00000018   Code   RO         1461    i.USBD_FS_SerialStrDescriptor  usbd_desc.o
    0x08006cfc   0x00000056   Code   RO         5464    i.USBD_GetConfig    usbd_ctlreq.o
    0x08006d52   0x000001f4   Code   RO         5465    i.USBD_GetDescriptor  usbd_ctlreq.o
    0x08006f46   0x00000014   Code   RO         5466    i.USBD_GetLen       usbd_ctlreq.o
    0x08006f5a   0x0000005a   Code   RO         5467    i.USBD_GetStatus    usbd_ctlreq.o
    0x08006fb4   0x00000052   Code   RO         5468    i.USBD_GetString    usbd_ctlreq.o
    0x08007006   0x0000002c   Code   RO         1255    i.USBD_Get_USB_Status  usbd_conf.o
    0x08007032   0x00000032   Code   RO         5326    i.USBD_Init         usbd_core.o
    0x08007064   0x00000026   Code   RO         1256    i.USBD_LL_ClearStallEP  usbd_conf.o
    0x0800708a   0x00000026   Code   RO         1257    i.USBD_LL_CloseEP   usbd_conf.o
    0x080070b0   0x00000100   Code   RO         5327    i.USBD_LL_DataInStage  usbd_core.o
    0x080071b0   0x000000a6   Code   RO         5328    i.USBD_LL_DataOutStage  usbd_core.o
    0x08007256   0x00000012   Code   RO         1261    i.USBD_LL_GetRxDataSize  usbd_conf.o
    0x08007268   0x00000084   Code   RO         1262    i.USBD_LL_Init      usbd_conf.o
    0x080072ec   0x00000030   Code   RO         1263    i.USBD_LL_IsStallEP  usbd_conf.o
    0x0800731c   0x00000030   Code   RO         1264    i.USBD_LL_OpenEP    usbd_conf.o
    0x0800734c   0x00000030   Code   RO         1265    i.USBD_LL_PrepareReceive  usbd_conf.o
    0x0800737c   0x0000005c   Code   RO         5333    i.USBD_LL_Reset     usbd_core.o
    0x080073d8   0x00000016   Code   RO         5334    i.USBD_LL_Resume    usbd_core.o
    0x080073ee   0x00000022   Code   RO         5335    i.USBD_LL_SOF       usbd_core.o
    0x08007410   0x00000008   Code   RO         5336    i.USBD_LL_SetSpeed  usbd_core.o
    0x08007418   0x00000026   Code   RO         1266    i.USBD_LL_SetUSBAddress  usbd_conf.o
    0x0800743e   0x0000006e   Code   RO         5337    i.USBD_LL_SetupStage  usbd_core.o
    0x080074ac   0x00000026   Code   RO         1267    i.USBD_LL_StallEP   usbd_conf.o
    0x080074d2   0x0000001e   Code   RO         1268    i.USBD_LL_Start     usbd_conf.o
    0x080074f0   0x00000014   Code   RO         5338    i.USBD_LL_Suspend   usbd_core.o
    0x08007504   0x00000030   Code   RO         1270    i.USBD_LL_Transmit  usbd_conf.o
    0x08007534   0x00000028   Code   RO         5469    i.USBD_ParseSetupRequest  usbd_ctlreq.o
    0x0800755c   0x00000010   Code   RO         5339    i.USBD_RegisterClass  usbd_core.o
    0x0800756c   0x00000006   Code   RO         5340    i.USBD_RunTestMode  usbd_core.o
    0x08007572   0x0000005a   Code   RO         5470    i.USBD_SetAddress   usbd_ctlreq.o
    0x080075cc   0x00000022   Code   RO         5341    i.USBD_SetClassConfig  usbd_core.o
    0x080075ee   0x00000002   PAD
    0x080075f0   0x000000e8   Code   RO         5471    i.USBD_SetConfig    usbd_ctlreq.o
    0x080076d8   0x00000018   Code   RO         5472    i.USBD_SetFeature   usbd_ctlreq.o
    0x080076f0   0x0000000e   Code   RO         5342    i.USBD_Start        usbd_core.o
    0x080076fe   0x000000a2   Code   RO         5473    i.USBD_StdDevReq    usbd_ctlreq.o
    0x080077a0   0x00000238   Code   RO         5474    i.USBD_StdEPReq     usbd_ctlreq.o
    0x080079d8   0x0000007e   Code   RO         5475    i.USBD_StdItfReq    usbd_ctlreq.o
    0x08007a56   0x00000002   Code   RO         1271    i.USBD_static_free  usbd_conf.o
    0x08007a58   0x0000000c   Code   RO         1272    i.USBD_static_malloc  usbd_conf.o
    0x08007a64   0x00000496   Code   RO         2029    i.USB_ActivateEndpoint  stm32f1xx_ll_usb.o
    0x08007efa   0x00000008   Code   RO         2032    i.USB_CoreInit      stm32f1xx_ll_usb.o
    0x08007f02   0x0000027c   Code   RO         2034    i.USB_DeactivateEndpoint  stm32f1xx_ll_usb.o
    0x0800817e   0x00000006   Code   RO         2035    i.USB_DevConnect    stm32f1xx_ll_usb.o
    0x08008184   0x00000006   Code   RO         2036    i.USB_DevDisconnect  stm32f1xx_ll_usb.o
    0x0800818a   0x0000001e   Code   RO         2037    i.USB_DevInit       stm32f1xx_ll_usb.o
    0x080081a8   0x00000014   Code   RO         2038    i.USB_DisableGlobalInt  stm32f1xx_ll_usb.o
    0x080081bc   0x00000006   Code   RO         2039    i.USB_EP0_OutStart  stm32f1xx_ll_usb.o
    0x080081c2   0x000000da   Code   RO         2040    i.USB_EPClearStall  stm32f1xx_ll_usb.o
    0x0800829c   0x0000005c   Code   RO         2041    i.USB_EPSetStall    stm32f1xx_ll_usb.o
    0x080082f8   0x00000454   Code   RO         2042    i.USB_EPStartXfer   stm32f1xx_ll_usb.o
    0x0800874c   0x00000014   Code   RO         2043    i.USB_EnableGlobalInt  stm32f1xx_ll_usb.o
    0x08008760   0x00000010   Code   RO         1597    i.USB_HP_CAN1_TX_IRQHandler  stm32f1xx_it.o
    0x08008770   0x00000010   Code   RO         1598    i.USB_LP_CAN1_RX0_IRQHandler  stm32f1xx_it.o
    0x08008780   0x00000008   Code   RO         2050    i.USB_ReadInterrupts  stm32f1xx_ll_usb.o
    0x08008788   0x0000004a   Code   RO         2051    i.USB_ReadPMA       stm32f1xx_ll_usb.o
    0x080087d2   0x00000006   Code   RO         2053    i.USB_SetCurrentMode  stm32f1xx_ll_usb.o
    0x080087d8   0x0000000e   Code   RO         2054    i.USB_SetDevAddress  stm32f1xx_ll_usb.o
    0x080087e6   0x00000042   Code   RO         2057    i.USB_WritePMA      stm32f1xx_ll_usb.o
    0x08008828   0x00000090   Code   RO          509    i.Uart_OSC_Output_Data  uart_osc.o
    0x080088b8   0x0000002c   Code   RO          510    i.Uart_OSC_ShowWave  uart_osc.o
    0x080088e4   0x00000160   Code   RO          556    i.Uart_RxIDLE_Handler  uart_dma.o
    0x08008a44   0x000000a4   Code   RO          557    i.Uart_Rx_Data_Start  uart_dma.o
    0x08008ae8   0x00000004   Code   RO         1599    i.UsageFault_Handler  stm32f1xx_it.o
    0x08008aec   0x0000009c   Code   RO           30    i.UserTask          balance_car.o
    0x08008b88   0x00000020   Code   RO         5871    i.__0printf$5       mc_w.l(printf5.o)
    0x08008ba8   0x00000028   Code   RO         6091    i.__ARM_fpclassify  m_ws.l(fpclassify.o)
    0x08008bd0   0x00000010   Code   RO         4774    i.__NVIC_GetPriorityGrouping  stm32f1xx_hal_cortex.o
    0x08008be0   0x00000028   Code   RO         4775    i.__NVIC_SetPriority  stm32f1xx_hal_cortex.o
    0x08008c08   0x000000aa   Code   RO         6093    i.__kernel_poly     m_ws.l(poly.o)
    0x08008cb2   0x00000006   Code   RO         6038    i.__mathlib_dbl_infnan  m_ws.l(dunder.o)
    0x08008cb8   0x00000004   Code   RO         6039    i.__mathlib_dbl_infnan2  m_ws.l(dunder.o)
    0x08008cbc   0x00000010   Code   RO         6043    i.__mathlib_dbl_underflow  m_ws.l(dunder.o)
    0x08008ccc   0x0000000e   Code   RO         6101    i.__scatterload_copy  mc_w.l(handlers.o)
    0x08008cda   0x00000002   Code   RO         6102    i.__scatterload_null  mc_w.l(handlers.o)
    0x08008cdc   0x0000000e   Code   RO         6103    i.__scatterload_zeroinit  mc_w.l(handlers.o)
    0x08008cea   0x00000002   PAD
    0x08008cec   0x000002c0   Code   RO         5878    i._printf_core      mc_w.l(printf5.o)
    0x08008fac   0x00000220   Code   RO         6028    i.atan              m_ws.l(atan.o)
    0x080091cc   0x00000180   Code   RO         5720    i.atan2             m_ws.l(atan2.o)
    0x0800934c   0x000000dc   Code   RO          288    i.dot_matrix_init   dot_matrix.o
    0x08009428   0x0000001c   Code   RO           31    i.fputc             balance_car.o
    0x08009444   0x00000040   Code   RO          329    i.left_backward     moto_ctrl.o
    0x08009484   0x00000040   Code   RO          330    i.left_forward      moto_ctrl.o
    0x080094c4   0x00000090   Code   RO          872    i.main              main.o
    0x08009554   0x00000040   Code   RO          331    i.right_backward    moto_ctrl.o
    0x08009594   0x00000040   Code   RO          332    i.right_forward     moto_ctrl.o
    0x080095d4   0x000000d8   Code   RO          289    i.show_dot_matrix   dot_matrix.o
    0x080096ac   0x0000007c   Code   RO          333    i.turn              moto_ctrl.o
    0x08009728   0x00000164   Code   RO          334    i.velocity          moto_ctrl.o
    0x0800988c   0x00000108   Code   RO          335    i.xunji             moto_ctrl.o
    0x08009994   0x00000041   Data   RO          780    .constdata          ld3320.o
    0x080099d5   0x00000018   Data   RO         5289    .constdata          system_stm32f1xx.o
    0x080099ed   0x00000003   PAD
    0x080099f0   0x00000098   Data   RO         6029    .constdata          m_ws.l(atan.o)
    0x08009a88   0x00000008   Data   RO         6051    .constdata          m_ws.l(qnan.o)
    0x08009a90   0x00000020   Data   RO         6099    Region$$Table       anon$$obj.o


    Execution Region RW_IRAM1 (Base: 0x20000000, Size: 0x00003980, Max: 0x0000c000, ABSOLUTE, COMPRESSED[0x00000104])

    Base Addr    Size         Type   Attr      Idx    E Section Name        Object

    0x20000000   0x00000040   Data   RW           33    .data               balance_car.o
    0x20000040   0x00000037   Data   RW          290    .data               dot_matrix.o
    0x20000077   0x00000001   PAD
    0x20000078   0x0000004c   Data   RW          336    .data               moto_ctrl.o
    0x200000c4   0x00000004   Data   RW          446    .data               mpu9250.o
    0x200000c8   0x00000008   Data   RW          511    .data               uart_osc.o
    0x200000d0   0x00000028   Data   RW          559    .data               uart_dma.o
    0x200000f8   0x00000008   Data   RW          781    .data               ld3320.o
    0x20000100   0x0000004e   Data   RW         1463    .data               usbd_desc.o
    0x2000014e   0x00000002   PAD
    0x20000150   0x00000010   Data   RW         1536    .data               usbd_cdc_if.o
    0x20000160   0x00000009   Data   RW         4306    .data               stm32f1xx_hal.o
    0x20000169   0x00000003   PAD
    0x2000016c   0x00000004   Data   RW         5290    .data               system_stm32f1xx.o
    0x20000170   0x00000001   Data   RW         5476    .data               usbd_ctlreq.o
    0x20000171   0x00000003   PAD
    0x20000174   0x0000010f   Data   RW         5632    .data               usbd_cdc.o
    0x20000283   0x00000001   PAD
    0x20000284   0x00000004   Data   RW         6066    .data               mc_w.l(stdout.o)
    0x20000288   0x00000020   Zero   RW           32    .bss                balance_car.o
    0x200002a8   0x00000050   Zero   RW          445    .bss                mpu9250.o
    0x200002f8   0x00001180   Zero   RW          558    .bss                uart_dma.o
    0x20001478   0x00000054   Zero   RW          967    .bss                i2c.o
    0x200014cc   0x00000108   Zero   RW         1011    .bss                spi.o
    0x200015d4   0x00000180   Zero   RW         1073    .bss                tim.o
    0x20001754   0x00000108   Zero   RW         1166    .bss                usart.o
    0x2000185c   0x000002c4   Zero   RW         1211    .bss                usb_device.o
    0x20001b20   0x0000048c   Zero   RW         1273    .bss                usbd_conf.o
    0x20001fac   0x00000200   Zero   RW         1462    .bss                usbd_desc.o
    0x200021ac   0x000007d0   Zero   RW         1535    .bss                usbd_cdc_if.o
    0x2000297c   0x00000004   PAD
    0x20002980   0x00001000   Zero   RW            1    STACK               startup_stm32f103xe.o


==============================================================================

Image component sizes


      Code (inc. data)   RO Data    RW Data    ZI Data      Debug   Object Name

      1576        218          0         64         32     519722   balance_car.o
        52          4          0          0          0        423   bt_uart.o
        96          6          0          0          0        726   dma.o
       436         44          0         55          0       1782   dot_matrix.o
       392         26          0          0          0       1003   gpio.o
       180         26          0          0         84       1489   i2c.o
      1140         46         65          8          0       7238   ld3320.o
       276         26          0          0          0       1524   main.o
      1400        212          0         76          0       7911   moto_ctrl.o
       614         64          0          4         80       7785   mpu9250.o
       668         76          0          0        264       3227   spi.o
        36          8        304          0       4096        784   startup_stm32f103xe.o
       192         36          0          9          0       6333   stm32f1xx_hal.o
       304         22          0          0          0      29275   stm32f1xx_hal_cortex.o
      1770         28          0          0          0       5150   stm32f1xx_hal_dma.o
      1242         78          0          0          0       5333   stm32f1xx_hal_gpio.o
       440         18          0          0          0       1975   stm32f1xx_hal_i2c.o
        84          8          0          0          0        826   stm32f1xx_hal_msp.o
      2358          0          0          0          0      10177   stm32f1xx_hal_pcd.o
        60          0          0          0          0       1134   stm32f1xx_hal_pcd_ex.o
        40          8          0          0          0        503   stm32f1xx_hal_pwr.o
      1784        110          0          0          0       5856   stm32f1xx_hal_rcc.o
       304         14          0          0          0       1360   stm32f1xx_hal_rcc_ex.o
      1792          0          0          0          0       7254   stm32f1xx_hal_spi.o
      2086         76          0          0          0      14298   stm32f1xx_hal_tim.o
       204          0          0          0          0       3049   stm32f1xx_hal_tim_ex.o
      2044         24          0          0          0      12836   stm32f1xx_hal_uart.o
       178         44          0          0          0       7607   stm32f1xx_it.o
      3492          0          0          0          0      16451   stm32f1xx_ll_usb.o
        88         18         24          4          0       1103   system_stm32f1xx.o
      1412        136          0          0        384       6965   tim.o
      1848        120          0         40       4480      13244   uart_dma.o
       246         14          0          8          0       2469   uart_osc.o
       504         56          0          0        264       2306   usart.o
        76         16          0          0        708        688   usb_device.o
       896         24          0        271          0      11916   usbd_cdc.o
       136         16          0         16       2000       2570   usbd_cdc_if.o
       842         30          0          0       1164      13649   usbd_conf.o
       850          0          0          0          0       9623   usbd_core.o
      2106         28          0          1          0      10372   usbd_ctlreq.o
       386        122          0         78        512       6113   usbd_desc.o
       174          0          0          0          0       4396   usbd_ioreq.o

    ----------------------------------------------------------------------
     34844       1802        428        644      14072     768445   Object Totals
         0          0         32          0          0          0   (incl. Generated)
        40          0          3         10          4          0   (incl. Padding)

    ----------------------------------------------------------------------

      Code (inc. data)   RO Data    RW Data    ZI Data      Debug   Library Member Name

       544         70        152          0          0        124   atan.o
       384         38          0          0          0        144   atan2.o
        26          6          0          0          0        204   dunder.o
        40          0          0          0          0         68   fpclassify.o
       170          0          0          0          0         96   poly.o
         0          0          8          0          0          0   qnan.o
        86          0          0          0          0          0   __dczerorl2.o
         0          0          0          0          0          0   entry.o
         0          0          0          0          0          0   entry10a.o
         0          0          0          0          0          0   entry11a.o
         8          4          0          0          0          0   entry2.o
         4          0          0          0          0          0   entry5.o
         0          0          0          0          0          0   entry7b.o
         0          0          0          0          0          0   entry8b.o
         8          4          0          0          0          0   entry9a.o
        30          0          0          0          0          0   handlers.o
        36          8          0          0          0         68   init.o
         0          0          0          0          0          0   iusefp.o
        30          0          0          0          0         68   llshl.o
        36          0          0          0          0         68   llsshr.o
        32          0          0          0          0         68   llushr.o
        36          0          0          0          0         68   memcpya.o
        36          0          0          0          0        108   memseta.o
       736         56          0          0          0        184   printf5.o
         0          0          0          4          0          0   stdout.o
        98          0          0          0          0         92   uldiv.o
        20          0          0          0          0         68   cfcmple.o
        20          0          0          0          0         68   cfrcmple.o
        56          0          0          0          0         88   d2f.o
       334          0          0          0          0        148   dadd.o
       222          0          0          0          0        100   ddiv.o
       186          0          0          0          0        176   depilogue.o
        62          0          0          0          0         80   dfixi.o
        34          0          0          0          0         76   dflti.o
       228          0          0          0          0         96   dmul.o
        46          0          0          0          0         80   dscalb.o
        38          0          0          0          0         68   f2d.o
       176          0          0          0          0        140   fadd.o
       124          0          0          0          0         88   fdiv.o
       110          0          0          0          0        168   fepilogue.o
        50          0          0          0          0         68   ffixi.o
        18          0          0          0          0         68   fflti.o
       100          0          0          0          0         76   fmul.o

    ----------------------------------------------------------------------
      4168        186        160          4          0       3016   Library Totals
         4          0          0          0          0          0   (incl. Padding)

    ----------------------------------------------------------------------

      Code (inc. data)   RO Data    RW Data    ZI Data      Debug   Library Name

      1164        114        160          0          0        636   m_ws.l
      1176         72          0          4          0        724   mc_w.l
      1824          0          0          0          0       1656   mf_w.l

    ----------------------------------------------------------------------
      4168        186        160          4          0       3016   Library Totals

    ----------------------------------------------------------------------

==============================================================================


      Code (inc. data)   RO Data    RW Data    ZI Data      Debug   

     39012       1988        588        648      14072     754637   Grand Totals
     39012       1988        588        260      14072     754637   ELF Image Totals (compressed)
     39012       1988        588        260          0          0   ROM Totals

==============================================================================

    Total RO  Size (Code + RO Data)                39600 (  38.67kB)
    Total RW  Size (RW Data + ZI Data)             14720 (  14.38kB)
    Total ROM Size (Code + RO Data + RW Data)      39860 (  38.93kB)

==============================================================================

